MO M16_1E_MXILINX_shifter NULL shifter.vf vlg51/_m16__1_e___m_x_i_l_i_n_x__shifter.bin 1474837004
MO CB4CE_MXILINX_anglecounter NULL anglecounter.vf vlg27/_c_b4_c_e___m_x_i_l_i_n_x__anglecounter.bin 1474837006
MO addshiftr2_MUSER_Fial_Combine NULL Fial_Combine.vf vlg51/addshiftr2___m_u_s_e_r___fial___combine.bin 1474837007
MO M16_1E_MXILINX_SineCosine NULL SineCosine.vf vlg34/_m16__1_e___m_x_i_l_i_n_x___sine_cosine.bin 1474837005
MO bit16buffermodified_MUSER_addshiftr2 NULL addshiftr2.vf vlg02/bit16buffermodified___m_u_s_e_r__addshiftr2.bin 1474837005
MO Mux_2_16_MUSER_Z_register NULL Z_register.vf vlg11/_mux__2__16___m_u_s_e_r___z__register.bin 1474837005
MO Mux_2_16_MUSER_SineCosine NULL SineCosine.vf vlg23/_mux__2__16___m_u_s_e_r___sine_cosine.bin 1474837005
MO M2_1_MXILINX_shifter NULL shifter.vf vlg67/_m2__1___m_x_i_l_i_n_x__shifter.bin 1474837004
MO qamtheta NULL qamtheta.vf vlg55/qamtheta.bin 1474837006
MO ADD16_MXILINX_Fial_Combine NULL Fial_Combine.vf vlg63/_a_d_d16___m_x_i_l_i_n_x___fial___combine.bin 1474837007
MO bit16buffermodified_MUSER_anglecounter NULL anglecounter.vf vlg6E/bit16buffermodified___m_u_s_e_r__anglecounter.bin 1448812449
MO output_enable NULL output_enable.vf vlg1B/output__enable.bin 1474837006
MO M2_1_MXILINX_shifterhigh NULL shifterhigh.vf vlg6B/_m2__1___m_x_i_l_i_n_x__shifterhigh.bin 1474837004
MO Mux_2_16 NULL Mux_2_16.vf vlg49/_mux__2__16.bin 1474837005
MO M16_1E_MXILINX_final_block NULL final_block.vf vlg5C/_m16__1_e___m_x_i_l_i_n_x__final__block.bin 1474837006
MO COMP4_MXILINX_final_block NULL final_block.vf vlg7A/_c_o_m_p4___m_x_i_l_i_n_x__final__block.bin 1474837006
MO Z_register_MUSER_final_block NULL final_block.vf vlg40/_z__register___m_u_s_e_r__final__block.bin 1474837006
MO LUTtable_MUSER_final_block NULL final_block.vf vlg5F/_l_u_ttable___m_u_s_e_r__final__block.bin 1474837006
MO M16_1E_MXILINX_Fial_Combine NULL Fial_Combine.vf vlg44/_m16__1_e___m_x_i_l_i_n_x___fial___combine.bin 1474837007
MO SineCosine_MUSER_Fial_Combine NULL Fial_Combine.vf vlg02/_sine_cosine___m_u_s_e_r___fial___combine.bin 1474837007
MO iteration NULL iteration.vf vlg23/iteration.bin 1474837006
MO M2_1E_MXILINX_Fial_Combine NULL Fial_Combine.vf vlg27/_m2__1_e___m_x_i_l_i_n_x___fial___combine.bin 1474837007
MO CB4CE_MXILINX_iteration NULL iteration.vf vlg1F/_c_b4_c_e___m_x_i_l_i_n_x__iteration.bin 1474837006
MO Mux_2_16_MUSER_final_block NULL final_block.vf vlg07/_mux__2__16___m_u_s_e_r__final__block.bin 1474837006
MO shiftr2_MUSER_Fial_Combine NULL Fial_Combine.vf vlg48/shiftr2___m_u_s_e_r___fial___combine.bin 1474837007
MO gnd16bit_MUSER_addshiftr2 NULL addshiftr2.vf vlg6C/gnd16bit___m_u_s_e_r__addshiftr2.bin 1474837005
MO bit4s_MUSER_qamtheta NULL qamtheta.vf vlg49/bit4s___m_u_s_e_r__qamtheta.bin 1474837006
MO CB2CE_MXILINX_bit4s NULL bit4s.vf vlg0C/_c_b2_c_e___m_x_i_l_i_n_x__bit4s.bin 1474837005
MO NOR16_MXILINX_anglecounter NULL anglecounter.vf vlg34/_n_o_r16___m_x_i_l_i_n_x__anglecounter.bin 1474837006
MO bit16buffermodified_MUSER_output_enable NULL output_enable.vf vlg3A/bit16buffermodified___m_u_s_e_r__output__enable.bin 1474837006
MO Fial_Combine NULL Fial_Combine.vf vlg0C/_fial___combine.bin 1474837007
MO ADSU16_MXILINX_addshiftr2 NULL addshiftr2.vf vlg5A/_a_d_s_u16___m_x_i_l_i_n_x__addshiftr2.bin 1474837005
MO bit16to12 NULL bit16to12.vf vlg48/bit16to12.bin 1474837005
MO addshiftr2_MUSER_final_block NULL final_block.vf vlg45/addshiftr2___m_u_s_e_r__final__block.bin 1474837006
MO M2_1_MXILINX_final_block NULL final_block.vf vlg12/_m2__1___m_x_i_l_i_n_x__final__block.bin 1474837006
MO y_initial_MUSER_final_block NULL final_block.vf vlg68/y__initial___m_u_s_e_r__final__block.bin 1474837006
MO LUTtable_MUSER_Fial_Combine NULL Fial_Combine.vf vlg53/_l_u_ttable___m_u_s_e_r___fial___combine.bin 1474837007
MO gnd16bit_MUSER_DACout NULL DACout.vf vlg15/gnd16bit___m_u_s_e_r___d_a_cout.bin 1474837006
MO bit16buffermodified NULL bit16buffermodified.vf vlg5D/bit16buffermodified.bin 1474837004
MO anglecounter_MUSER_Fial_Combine NULL Fial_Combine.vf vlg25/anglecounter___m_u_s_e_r___fial___combine.bin 1474837007
MO constant2048_MUSER_DACout NULL DACout.vf vlg3E/constant2048___m_u_s_e_r___d_a_cout.bin 1474837006
MO FD16RE_MXILINX_anglecounter NULL anglecounter.vf vlg52/_f_d16_r_e___m_x_i_l_i_n_x__anglecounter.bin 1474837006
MO y_initial_MUSER_Fial_Combine NULL Fial_Combine.vf vlg00/y__initial___m_u_s_e_r___fial___combine.bin 1474837007
MO bit16to12_MUSER_SineCosine NULL SineCosine.vf vlg5E/bit16to12___m_u_s_e_r___sine_cosine.bin 1474837005
MO CB4CE_MXILINX_final_block NULL final_block.vf vlg20/_c_b4_c_e___m_x_i_l_i_n_x__final__block.bin 1474837006
MO SineCosine_MUSER_final_block NULL final_block.vf vlg02/_sine_cosine___m_u_s_e_r__final__block.bin 1474837006
MO constant2048 NULL constant2048.vf vlg04/constant2048.bin 1474837006
MO LUTtable NULL LUTtable.vf vlg61/_l_u_ttable.bin 1474837005
MO bit4s NULL bit4s.vf vlg52/bit4s.bin 1474837005
MO shifter_MUSER_final_block NULL final_block.vf vlg37/shifter___m_u_s_e_r__final__block.bin 1474837006
MO x_initial_MUSER_SineCosine NULL SineCosine.vf vlg2B/x__initial___m_u_s_e_r___sine_cosine.bin 1474837005
MO bit16to12_MUSER_output_enable NULL output_enable.vf vlg35/bit16to12___m_u_s_e_r__output__enable.bin 1474837006
MO M16_1E_MXILINX_shifter_full NULL shifter_full.vf vlg77/_m16__1_e___m_x_i_l_i_n_x__shifter__full.bin 1474837005
MO CB2CE_MXILINX_final_block NULL final_block.vf vlg0E/_c_b2_c_e___m_x_i_l_i_n_x__final__block.bin 1474837006
MO shifterhigh_MUSER_Fial_Combine NULL Fial_Combine.vf vlg5F/shifterhigh___m_u_s_e_r___fial___combine.bin 1474837007
MO bit16buffermodified_MUSER_Z_register NULL Z_register.vf vlg75/bit16buffermodified___m_u_s_e_r___z__register.bin 1474837005
MO CB2CE_MXILINX_qamtheta NULL qamtheta.vf vlg27/_c_b2_c_e___m_x_i_l_i_n_x__qamtheta.bin 1474837006
MO bit16buffermodified_MUSER_SineCosine NULL SineCosine.vf vlg07/bit16buffermodified___m_u_s_e_r___sine_cosine.bin 1474837005
MO M2_1E_MXILINX_shifter_full NULL shifter_full.vf vlg5A/_m2__1_e___m_x_i_l_i_n_x__shifter__full.bin 1474837005
MO FTCE_MXILINX_Fial_Combine NULL Fial_Combine.vf vlg0D/_f_t_c_e___m_x_i_l_i_n_x___fial___combine.bin 1474837006
MO ADD16_MXILINX_anglecounter NULL anglecounter.vf vlg72/_a_d_d16___m_x_i_l_i_n_x__anglecounter.bin 1474837006
MO shifter_MUSER_Fial_Combine NULL Fial_Combine.vf vlg0B/shifter___m_u_s_e_r___fial___combine.bin 1474837007
MO shifter_full_MUSER_final_block NULL final_block.vf vlg0D/shifter__full___m_u_s_e_r__final__block.bin 1474837006
MO FD16CE_MXILINX_Fial_Combine NULL Fial_Combine.vf vlg7C/_f_d16_c_e___m_x_i_l_i_n_x___fial___combine.bin 1474837007
MO bit16buffermodified_MUSER_shiftr2 NULL shiftr2.vf vlg61/bit16buffermodified___m_u_s_e_r__shiftr2.bin 1474837004
MO LUTtable_MUSER_Z_register NULL Z_register.vf vlg09/_l_u_ttable___m_u_s_e_r___z__register.bin 1474837005
MO bit16buffermodified_MUSER_final_block NULL final_block.vf vlg7B/bit16buffermodified___m_u_s_e_r__final__block.bin 1474837006
MO shifter_full NULL shifter_full.vf vlg3F/shifter__full.bin 1474837005
MO gnd16bit_MUSER_qamtheta NULL qamtheta.vf vlg52/gnd16bit___m_u_s_e_r__qamtheta.bin 1474837005
MO x_initial_MUSER_Fial_Combine NULL Fial_Combine.vf vlg63/x__initial___m_u_s_e_r___fial___combine.bin 1474837007
MO gnd16bit_MUSER_Fial_Combine NULL Fial_Combine.vf vlg39/gnd16bit___m_u_s_e_r___fial___combine.bin 1474837006
MO y_initial_MUSER_SineCosine NULL SineCosine.vf vlg50/y__initial___m_u_s_e_r___sine_cosine.bin 1474837005
MO constant2048_MUSER_Fial_Combine NULL Fial_Combine.vf vlg2A/constant2048___m_u_s_e_r___fial___combine.bin 1474837006
MO bit4s_MUSER_Fial_Combine NULL Fial_Combine.vf vlg40/bit4s___m_u_s_e_r___fial___combine.bin 1474837007
MO CB16CE_MXILINX_Counter_12 NULL Counter_12.vf vlg51/_c_b16_c_e___m_x_i_l_i_n_x___counter__12.bin 1474837006
MO CB16CE_MXILINX_Fial_Combine NULL Fial_Combine.vf vlg07/_c_b16_c_e___m_x_i_l_i_n_x___fial___combine.bin 1474837006
MO y_initial NULL y_initial.vf vlg12/y__initial.bin 1474837005
MO M2_1E_MXILINX_shifterhigh NULL shifterhigh.vf vlg7C/_m2__1_e___m_x_i_l_i_n_x__shifterhigh.bin 1474837004
MO iteration_MUSER_Fial_Combine NULL Fial_Combine.vf vlg0D/iteration___m_u_s_e_r___fial___combine.bin 1474837007
MO M2_1_MXILINX_Fial_Combine NULL Fial_Combine.vf vlg52/_m2__1___m_x_i_l_i_n_x___fial___combine.bin 1474837007
MO shifter NULL shifter.vf vlg79/shifter.bin 1474837005
MO shiftr2 NULL shiftr2.vf vlg7A/shiftr2.bin 1474837004
MO anglecounter NULL anglecounter.vf vlg1B/anglecounter.bin 1474837006
MO Counter_12_MUSER_Fial_Combine NULL Fial_Combine.vf vlg5C/_counter__12___m_u_s_e_r___fial___combine.bin 1474837007
MO shiftr2_MUSER_addshiftr2 NULL addshiftr2.vf vlg53/shiftr2___m_u_s_e_r__addshiftr2.bin 1474837005
MO FTCE_MXILINX_iteration NULL iteration.vf vlg78/_f_t_c_e___m_x_i_l_i_n_x__iteration.bin 1474837006
MO output_enable_MUSER_final_block NULL final_block.vf vlg09/output__enable___m_u_s_e_r__final__block.bin 1474837006
MO NOR16_MXILINX_Counter_12 NULL Counter_12.vf vlg1F/_n_o_r16___m_x_i_l_i_n_x___counter__12.bin 1474837006
MO x_initial NULL x_initial.vf vlg31/x__initial.bin 1474837005
MO ADSU16_MXILINX_Z_register NULL Z_register.vf vlg4D/_a_d_s_u16___m_x_i_l_i_n_x___z__register.bin 1474837005
MO ADSU16_MXILINX_SineCosine NULL SineCosine.vf vlg5F/_a_d_s_u16___m_x_i_l_i_n_x___sine_cosine.bin 1474837005
MO addshiftr2_MUSER_qamtheta NULL qamtheta.vf vlg6A/addshiftr2___m_u_s_e_r__qamtheta.bin 1474837006
MO final_block_MUSER_Fial_Combine NULL Fial_Combine.vf vlg2A/final__block___m_u_s_e_r___fial___combine.bin 1474837007
MO FD16CE_MXILINX_output_enable NULL output_enable.vf vlg4B/_f_d16_c_e___m_x_i_l_i_n_x__output__enable.bin 1474837006
MO addshiftr2 NULL addshiftr2.vf vlg37/addshiftr2.bin 1474837005
MO ADSU16_MXILINX_final_block NULL final_block.vf vlg33/_a_d_s_u16___m_x_i_l_i_n_x__final__block.bin 1474837006
MO M2_1_MXILINX_SineCosine NULL SineCosine.vf vlg72/_m2__1___m_x_i_l_i_n_x___sine_cosine.bin 1474837005
MO shiftr2_MUSER_qamtheta NULL qamtheta.vf vlg51/shiftr2___m_u_s_e_r__qamtheta.bin 1474837005
MO bit4s_MUSER_final_block NULL final_block.vf vlg28/bit4s___m_u_s_e_r__final__block.bin 1474837006
MO shifter_full_MUSER_Fial_Combine NULL Fial_Combine.vf vlg39/shifter__full___m_u_s_e_r___fial___combine.bin 1474837007
MO COMP4_MXILINX_Fial_Combine NULL Fial_Combine.vf vlg5A/_c_o_m_p4___m_x_i_l_i_n_x___fial___combine.bin 1474837007
MO Z_register_MUSER_Fial_Combine NULL Fial_Combine.vf vlg38/_z__register___m_u_s_e_r___fial___combine.bin 1474837007
MO shifter_MUSER_SineCosine NULL SineCosine.vf vlg13/shifter___m_u_s_e_r___sine_cosine.bin 1474837005
MO M2_1E_MXILINX_final_block NULL final_block.vf vlg23/_m2__1_e___m_x_i_l_i_n_x__final__block.bin 1474837006
MO FTCE_MXILINX_bit4s NULL bit4s.vf vlg77/_f_t_c_e___m_x_i_l_i_n_x__bit4s.bin 1474837005
MO bit16to12_MUSER_Fial_Combine NULL Fial_Combine.vf vlg5E/bit16to12___m_u_s_e_r___fial___combine.bin 1474837007
MO x_initial_MUSER_final_block NULL final_block.vf vlg2F/x__initial___m_u_s_e_r__final__block.bin 1474837006
MO shifterhigh_MUSER_shifter_full NULL shifter_full.vf vlg12/shifterhigh___m_u_s_e_r__shifter__full.bin 1474837005
MO iteration_MUSER_final_block NULL final_block.vf vlg51/iteration___m_u_s_e_r__final__block.bin 1474837006
MO M2_1E_MXILINX_SineCosine NULL SineCosine.vf vlg0F/_m2__1_e___m_x_i_l_i_n_x___sine_cosine.bin 1474837005
MO FD16CE_MXILINX_final_block NULL final_block.vf vlg34/_f_d16_c_e___m_x_i_l_i_n_x__final__block.bin 1474837006
MO Mux_2_16_MUSER_DACout NULL DACout.vf vlg67/_mux__2__16___m_u_s_e_r___d_a_cout.bin 1474837006
MO shifterhigh_MUSER_SineCosine NULL SineCosine.vf vlg07/shifterhigh___m_u_s_e_r___sine_cosine.bin 1474837005
MO shifter_MUSER_shifter_full NULL shifter_full.vf vlg3E/shifter___m_u_s_e_r__shifter__full.bin 1474837005
MO CB4CE_MXILINX_Fial_Combine NULL Fial_Combine.vf vlg18/_c_b4_c_e___m_x_i_l_i_n_x___fial___combine.bin 1474837007
MO shiftr2_MUSER_final_block NULL final_block.vf vlg10/shiftr2___m_u_s_e_r__final__block.bin 1474837006
MO FTCE_MXILINX_anglecounter NULL anglecounter.vf vlg1C/_f_t_c_e___m_x_i_l_i_n_x__anglecounter.bin 1474837006
MO FTCE_MXILINX_qamtheta NULL qamtheta.vf vlg66/_f_t_c_e___m_x_i_l_i_n_x__qamtheta.bin 1474837006
MO bit16buffermodified_MUSER_Fial_Combine NULL Fial_Combine.vf vlg5F/bit16buffermodified___m_u_s_e_r___fial___combine.bin 1474837007
MO FD16CE_MXILINX_Z_register NULL Z_register.vf vlg1A/_f_d16_c_e___m_x_i_l_i_n_x___z__register.bin 1474837005
MO FD16CE_MXILINX_SineCosine NULL SineCosine.vf vlg2C/_f_d16_c_e___m_x_i_l_i_n_x___sine_cosine.bin 1474837005
MO FD16CE_MXILINX_anglecounter NULL anglecounter.vf vlg0B/_f_d16_c_e___m_x_i_l_i_n_x__anglecounter.bin 1448812449
MO M2_1E_MXILINX_shifter NULL shifter.vf vlg08/_m2__1_e___m_x_i_l_i_n_x__shifter.bin 1474837004
MO M2_1_MXILINX_shifter_full NULL shifter_full.vf vlg05/_m2__1___m_x_i_l_i_n_x__shifter__full.bin 1474837005
MO shifter_full_MUSER_SineCosine NULL SineCosine.vf vlg71/shifter__full___m_u_s_e_r___sine_cosine.bin 1474837005
MO ADSU16_MXILINX_qamtheta NULL qamtheta.vf vlg70/_a_d_s_u16___m_x_i_l_i_n_x__qamtheta.bin 1474837005
MO FTCE_MXILINX_final_block NULL final_block.vf vlg51/_f_t_c_e___m_x_i_l_i_n_x__final__block.bin 1474837006
MO bit16buffermodified_MUSER_qamtheta NULL qamtheta.vf vlg58/bit16buffermodified___m_u_s_e_r__qamtheta.bin 1474837005
MO ADD16_MXILINX_DACout NULL DACout.vf vlg6F/_a_d_d16___m_x_i_l_i_n_x___d_a_cout.bin 1474837006
MO ADD16_MXILINX_final_block NULL final_block.vf vlg2F/_a_d_d16___m_x_i_l_i_n_x__final__block.bin 1474837006
MO gnd16bit_MUSER_anglecounter NULL anglecounter.vf vlg48/gnd16bit___m_u_s_e_r__anglecounter.bin 1474837006
MO DACout_MUSER_Fial_Combine NULL Fial_Combine.vf vlg06/_d_a_cout___m_u_s_e_r___fial___combine.bin 1474837007
MO bit16to12_MUSER_final_block NULL final_block.vf vlg2E/bit16to12___m_u_s_e_r__final__block.bin 1474837006
MO CB16CE_MXILINX_anglecounter NULL anglecounter.vf vlg16/_c_b16_c_e___m_x_i_l_i_n_x__anglecounter.bin 1474837006
MO shifterhigh NULL shifterhigh.vf vlg5D/shifterhigh.bin 1474837004
MO output_enable_MUSER_Fial_Combine NULL Fial_Combine.vf vlg25/output__enable___m_u_s_e_r___fial___combine.bin 1474837007
MO NOR16_MXILINX_Fial_Combine NULL Fial_Combine.vf vlg25/_n_o_r16___m_x_i_l_i_n_x___fial___combine.bin 1474837007
MO Counter_12_MUSER_anglecounter NULL anglecounter.vf vlg6B/_counter__12___m_u_s_e_r__anglecounter.bin 1474837006
MO COMP4_MXILINX_iteration NULL iteration.vf vlg09/_c_o_m_p4___m_x_i_l_i_n_x__iteration.bin 1474837006
MO ADSU16_MXILINX_DACout NULL DACout.vf vlg63/_a_d_s_u16___m_x_i_l_i_n_x___d_a_cout.bin 1474837006
MO shifterhigh_MUSER_final_block NULL final_block.vf vlg7B/shifterhigh___m_u_s_e_r__final__block.bin 1474837006
MO ADD16_MXILINX_qamtheta NULL qamtheta.vf vlg1C/_a_d_d16___m_x_i_l_i_n_x__qamtheta.bin 1474837005
MO Z_register NULL Z_register.vf vlg2A/_z__register.bin 1474837005
MO SineCosine NULL SineCosine.vf vlg3C/_sine_cosine.bin 1474837005
MO final_block NULL final_block.vf vlg04/final__block.bin 1474837006
MO Mux_2_16_MUSER_Fial_Combine NULL Fial_Combine.vf vlg1B/_mux__2__16___m_u_s_e_r___fial___combine.bin 1474837007
MO ADD16_MXILINX_addshiftr2 NULL addshiftr2.vf vlg26/_a_d_d16___m_x_i_l_i_n_x__addshiftr2.bin 1474837005
MO gnd16bit NULL gnd16bit.vf vlg3F/gnd16bit.bin 1474837005
MO DACout NULL DACout.vf vlg10/_d_a_cout.bin 1474837006
MO qamtheta_MUSER_Fial_Combine NULL Fial_Combine.vf vlg77/qamtheta___m_u_s_e_r___fial___combine.bin 1474837007
MO FD16RE_MXILINX_Fial_Combine NULL Fial_Combine.vf vlg43/_f_d16_r_e___m_x_i_l_i_n_x___fial___combine.bin 1474837007
MO qamtheta_MUSER_final_block NULL final_block.vf vlg33/qamtheta___m_u_s_e_r__final__block.bin 1474837006
MO bit16to12_MUSER_anglecounter NULL anglecounter.vf vlg6D/bit16to12___m_u_s_e_r__anglecounter.bin 1474837006
MO FTCE_MXILINX_Counter_12 NULL Counter_12.vf vlg47/_f_t_c_e___m_x_i_l_i_n_x___counter__12.bin 1474837006
MO M16_1E_MXILINX_shifterhigh NULL shifterhigh.vf vlg35/_m16__1_e___m_x_i_l_i_n_x__shifterhigh.bin 1474837004
MO ADSU16_MXILINX_Fial_Combine NULL Fial_Combine.vf vlg77/_a_d_s_u16___m_x_i_l_i_n_x___fial___combine.bin 1474837007
MO gnd16bit_MUSER_final_block NULL final_block.vf vlg0D/gnd16bit___m_u_s_e_r__final__block.bin 1474837006
MO CB2CE_MXILINX_Fial_Combine NULL Fial_Combine.vf vlg3E/_c_b2_c_e___m_x_i_l_i_n_x___fial___combine.bin 1474837007
MO Counter_12 NULL Counter_12.vf vlg1E/_counter__12.bin 1474837006
