MO Flip_flip9_MUSER_D_error NULL D_error.vf vlg45/_flip__flip9___m_u_s_e_r___d__error.bin 1474823369
MO Reg_4bit_MUSER_decade_counter_new NULL decade_counter_new.vf vlg20/_reg__4bit___m_u_s_e_r__decade__counter__new.bin 1474823369
MO usart_transmiter_MUSER_ETC_PWM_USART NULL ETC_PWM_USART.vf vlg6E/usart__transmiter___m_u_s_e_r___e_t_c___p_w_m___u_s_a_r_t.bin 1474823371
MO Bit9_to_Bit8_MUSER_ETC_PWM_USART NULL ETC_PWM_USART.vf vlg3F/_bit9__to___bit8___m_u_s_e_r___e_t_c___p_w_m___u_s_a_r_t.bin 1474823371
MO Counter_18 NULL Counter_18.vf vlg24/_counter__18.bin 1474823370
MO ETC_SYNCRONOUS_MUSER_Main_Module NULL Main_Module.vf vlg2A/_e_t_c___s_y_n_c_r_o_n_o_u_s___m_u_s_e_r___main___module.bin 1474823370
MO D_error_MUSER_ETC_PWM_USART NULL ETC_PWM_USART.vf vlg1C/_d__error___m_u_s_e_r___e_t_c___p_w_m___u_s_a_r_t.bin 1474823371
MO Incrementer_Decrementer_MUSER_Precale_434 NULL Precale_434.vf vlg05/_incrementer___decrementer___m_u_s_e_r___precale__434.bin 1474823370
MO INV8_MXILINX_twos_compliment_using_inverter NULL twos_compliment_using_inverter.vf vlg07/_i_n_v8___m_x_i_l_i_n_x__twos__compliment__using__inverter.bin 1431582300
MO Twos_Comp_MUSER_OCR_Generator NULL OCR_Generator.vf vlg07/_twos___comp___m_u_s_e_r___o_c_r___generator.bin 1474823369
MO FD9CE_MUSER_ETC_SYNCRONOUS NULL ETC_SYNCRONOUS.vf vlg0B/_f_d9_c_e___m_u_s_e_r___e_t_c___s_y_n_c_r_o_n_o_u_s.bin 1474823369
MO Incre_dcre_18_MUSER_ETC_PWM_USART NULL ETC_PWM_USART.vf vlg25/_incre__dcre__18___m_u_s_e_r___e_t_c___p_w_m___u_s_a_r_t.bin 1474823371
MO Incrementer_Decrementer NULL Incrementer_Decrementer.vf vlg11/_incrementer___decrementer.bin 1474823369
MO Mux_2_16_MUSER_ETC_PWM_USART NULL ETC_PWM_USART.vf vlg18/_mux__2__16___m_u_s_e_r___e_t_c___p_w_m___u_s_a_r_t.bin 1474823370
MO Main_Module_MUSER_ETC_PWM_USART NULL ETC_PWM_USART.vf vlg51/_main___module___m_u_s_e_r___e_t_c___p_w_m___u_s_a_r_t.bin 1474823370
MO ETC_SYNCRONOUS NULL ETC_SYNCRONOUS.vf vlg26/_e_t_c___s_y_n_c_r_o_n_o_u_s.bin 1474823369
MO Flip_flip9_MUSER_TotError NULL TotError.vf vlg25/_flip__flip9___m_u_s_e_r___tot_error.bin 1474823369
MO Mux_2_16 NULL Mux_2_16.vf vlg49/_mux__2__16.bin 1474823369
MO nin_counter NULL nin_counter.vf vlg5C/nin__counter.bin 1474823369
MO Multiplier_MUSER_ETC_PWM_USART NULL ETC_PWM_USART.vf vlg0A/_multiplier___m_u_s_e_r___e_t_c___p_w_m___u_s_a_r_t.bin 1474823371
MO Parity_gen_MUSER_usart_transmiter NULL usart_transmiter.vf vlg73/_parity__gen___m_u_s_e_r__usart__transmiter.bin 1474823370
MO D_error_MUSER_PID_Module NULL PID_Module.vf vlg71/_d__error___m_u_s_e_r___p_i_d___module.bin 1474823370
MO usart_transmiter NULL usart_transmiter.vf vlg7F/usart__transmiter.bin 1474823370
MO Multiplier_2_MUSER_ETC_PWM_USART NULL ETC_PWM_USART.vf vlg0F/_multiplier__2___m_u_s_e_r___e_t_c___p_w_m___u_s_a_r_t.bin 1474823371
MO Parity_gen NULL Parity_gen.vf vlg52/_parity__gen.bin 1474823369
MO Digital_Filter NULL Digital_Filter.vf vlg03/_digital___filter.bin 1474823369
MO OCR_Generator_MUSER_ETC_PWM_USART NULL ETC_PWM_USART.vf vlg21/_o_c_r___generator___m_u_s_e_r___e_t_c___p_w_m___u_s_a_r_t.bin 1474823371
MO Incrementer_Decrementer_MUSER_ETC_PWM_USART NULL ETC_PWM_USART.vf vlg60/_incrementer___decrementer___m_u_s_e_r___e_t_c___p_w_m___u_s_a_r_t.bin 1474823370
MO FTCE_MXILINX_Timer_PWM NULL Timer_PWM.vf vlg61/_f_t_c_e___m_x_i_l_i_n_x___timer___p_w_m.bin 1474823370
MO ETC_SYNCRONOUS_MUSER_ETC_PWM_USART NULL ETC_PWM_USART.vf vlg65/_e_t_c___s_y_n_c_r_o_n_o_u_s___m_u_s_e_r___e_t_c___p_w_m___u_s_a_r_t.bin 1474823370
MO ETC_PWM_USART NULL ETC_PWM_USART.vf vlg4D/_e_t_c___p_w_m___u_s_a_r_t.bin 1474823371
MO Counter_18_MUSER_ETC_PWM_USART NULL ETC_PWM_USART.vf vlg03/_counter__18___m_u_s_e_r___e_t_c___p_w_m___u_s_a_r_t.bin 1474823371
MO ADD16_MXILINX_ETC_PWM_USART NULL ETC_PWM_USART.vf vlg00/_a_d_d16___m_x_i_l_i_n_x___e_t_c___p_w_m___u_s_a_r_t.bin 1474823371
MO Multiplier NULL Multiplier.vf vlg5B/_multiplier.bin 1474823369
MO INV16_MXILINX_PID_Module NULL PID_Module.vf vlg21/_i_n_v16___m_x_i_l_i_n_x___p_i_d___module.bin 1474823370
MO Multiplier_8_MUSER_ETC_PWM_USART NULL ETC_PWM_USART.vf vlg35/_multiplier__8___m_u_s_e_r___e_t_c___p_w_m___u_s_a_r_t.bin 1474823371
MO FD9CE NULL FD9CE.vf vlg3F/_f_d9_c_e.bin 1474823369
MO nin_counter_MUSER_ETC_PWM_USART NULL ETC_PWM_USART.vf vlg3B/nin__counter___m_u_s_e_r___e_t_c___p_w_m___u_s_a_r_t.bin 1474823371
MO usart_receiver_MUSER_ETC_PWM_USART NULL ETC_PWM_USART.vf vlg2E/usart__receiver___m_u_s_e_r___e_t_c___p_w_m___u_s_a_r_t.bin 1474823371
MO SIPO_reg_MUSER_usart_receiver NULL usart_receiver.vf vlg05/_s_i_p_o__reg___m_u_s_e_r__usart__receiver.bin 1474823370
MO Precale_434 NULL Precale_434.vf vlg7A/_precale__434.bin 1474823370
MO OCR_8_MUSER_ETC_PWM_USART NULL ETC_PWM_USART.vf vlg5A/_o_c_r__8___m_u_s_e_r___e_t_c___p_w_m___u_s_a_r_t.bin 1474823370
MO Mux_2_8_MUSER_OCR_Generator NULL OCR_Generator.vf vlg52/_mux__2__8___m_u_s_e_r___o_c_r___generator.bin 1474823369
MO bit10datareg_to_transmit_MUSER_ETC_PWM_USART NULL ETC_PWM_USART.vf vlg12/bit10datareg__to__transmit___m_u_s_e_r___e_t_c___p_w_m___u_s_a_r_t.bin 1474823371
MO bit10datareg_to_transmit_MUSER_usart_transmiter NULL usart_transmiter.vf vlg30/bit10datareg__to__transmit___m_u_s_e_r__usart__transmiter.bin 1474823370
MO Flip_Flop_18_MUSER_ETC_PWM_USART NULL ETC_PWM_USART.vf vlg6E/_flip___flop__18___m_u_s_e_r___e_t_c___p_w_m___u_s_a_r_t.bin 1474823371
MO usart_receiver NULL usart_receiver.vf vlg3F/usart__receiver.bin 1474823370
MO Flip_flip9 NULL Flip_flip9.vf vlg06/_flip__flip9.bin 1474823369
MO Multiplier_2 NULL Multiplier_2.vf vlg70/_multiplier__2.bin 1474823369
MO Incrementer_Decrementer_MUSER_ETC_SYNCRONOUS NULL ETC_SYNCRONOUS.vf vlg05/_incrementer___decrementer___m_u_s_e_r___e_t_c___s_y_n_c_r_o_n_o_u_s.bin 1474823369
MO Incre_dcre_18_MUSER_Counter_18 NULL Counter_18.vf vlg5C/_incre__dcre__18___m_u_s_e_r___counter__18.bin 1474823370
MO Multiplier_4 NULL Multiplier_4.vf vlg72/_multiplier__4.bin 1474823369
MO Precale_434_MUSER_ETC_PWM_USART NULL ETC_PWM_USART.vf vlg79/_precale__434___m_u_s_e_r___e_t_c___p_w_m___u_s_a_r_t.bin 1474823371
MO CC8CE_MXILINX_ETC_PWM_USART NULL ETC_PWM_USART.vf vlg32/_c_c8_c_e___m_x_i_l_i_n_x___e_t_c___p_w_m___u_s_a_r_t.bin 1474823371
MO sub9bit_MUSER_ETC_PWM_USART NULL ETC_PWM_USART.vf vlg2D/sub9bit___m_u_s_e_r___e_t_c___p_w_m___u_s_a_r_t.bin 1474823371
MO PID_Module NULL PID_Module.vf vlg36/_p_i_d___module.bin 1474823370
MO Multiplier_8 NULL Multiplier_8.vf vlg76/_multiplier__8.bin 1474823369
MO FD16RE_MXILINX_PID_Module NULL PID_Module.vf vlg05/_f_d16_r_e___m_x_i_l_i_n_x___p_i_d___module.bin 1474823370
MO Multiplier_8_MUSER_TotError NULL TotError.vf vlg55/_multiplier__8___m_u_s_e_r___tot_error.bin 1474823369
MO Bit8_to_bit9 NULL Bit8_to_bit9.vf vlg60/_bit8__to__bit9.bin 1474823370
MO FD16RE_MXILINX_ETC_PWM_USART NULL ETC_PWM_USART.vf vlg60/_f_d16_r_e___m_x_i_l_i_n_x___e_t_c___p_w_m___u_s_a_r_t.bin 1474823371
MO Couter_9CE NULL Couter_9CE.vf vlg66/_couter__9_c_e.bin 1474823369
MO Multiplier_4_MUSER_Multiplier NULL Multiplier.vf vlg4F/_multiplier__4___m_u_s_e_r___multiplier.bin 1474823369
MO Multiplier_MUSER_PID_Module NULL PID_Module.vf vlg77/_multiplier___m_u_s_e_r___p_i_d___module.bin 1474823370
MO Incrementer_Decrementer_MUSER_Main_Module NULL Main_Module.vf vlg5D/_incrementer___decrementer___m_u_s_e_r___main___module.bin 1474823370
MO decade_counter_new_MUSER_usart_transmiter NULL usart_transmiter.vf vlg07/decade__counter__new___m_u_s_e_r__usart__transmiter.bin 1474823370
MO decade_counter_new_MUSER_ETC_PWM_USART NULL ETC_PWM_USART.vf vlg75/decade__counter__new___m_u_s_e_r___e_t_c___p_w_m___u_s_a_r_t.bin 1474823371
MO Bit8_to_bit9_MUSER_ETC_PWM_USART NULL ETC_PWM_USART.vf vlg7F/_bit8__to__bit9___m_u_s_e_r___e_t_c___p_w_m___u_s_a_r_t.bin 1474823371
MO OCR_8_MUSER_PID_Module NULL PID_Module.vf vlg07/_o_c_r__8___m_u_s_e_r___p_i_d___module.bin 1474823370
MO Mux_2_8_MUSER_PID_Module NULL PID_Module.vf vlg26/_mux__2__8___m_u_s_e_r___p_i_d___module.bin 1474823370
MO counter_MUSER_Timer_PWM NULL Timer_PWM.vf vlg0E/counter___m_u_s_e_r___timer___p_w_m.bin 1474823370
MO SIPO_reg NULL SIPO_reg.vf vlg7C/_s_i_p_o__reg.bin 1474823369
MO Multiplier_8_MUSER_Multiplier NULL Multiplier.vf vlg63/_multiplier__8___m_u_s_e_r___multiplier.bin 1474823369
MO PID_Module_MUSER_ETC_PWM_USART NULL ETC_PWM_USART.vf vlg75/_p_i_d___module___m_u_s_e_r___e_t_c___p_w_m___u_s_a_r_t.bin 1474823371
MO Multiplier_4_MUSER_PID_Module NULL PID_Module.vf vlg2A/_multiplier__4___m_u_s_e_r___p_i_d___module.bin 1474823370
MO Mux_2_16_MUSER_PID_Module NULL PID_Module.vf vlg1D/_mux__2__16___m_u_s_e_r___p_i_d___module.bin 1474823370
MO counter_MUSER_ETC_PWM_USART NULL ETC_PWM_USART.vf vlg2F/counter___m_u_s_e_r___e_t_c___p_w_m___u_s_a_r_t.bin 1474823371
MO D_error_MUSER_TotError NULL TotError.vf vlg00/_d__error___m_u_s_e_r___tot_error.bin 1474823369
MO OCR_Generator_MUSER_PID_Module NULL PID_Module.vf vlg1A/_o_c_r___generator___m_u_s_e_r___p_i_d___module.bin 1474823370
MO FJKC_MXILINX_ETC_PWM_USART NULL ETC_PWM_USART.vf vlg5E/_f_j_k_c___m_x_i_l_i_n_x___e_t_c___p_w_m___u_s_a_r_t.bin 1474823370
MO CB2RE_MXILINX_Timer_PWM NULL Timer_PWM.vf vlg39/_c_b2_r_e___m_x_i_l_i_n_x___timer___p_w_m.bin 1474823370
MO Add_sub_4bit_MUSER_usart_receiver NULL usart_receiver.vf vlg11/_add__sub__4bit___m_u_s_e_r__usart__receiver.bin 1474823370
MO INV16_MXILINX_ETC_PWM_USART NULL ETC_PWM_USART.vf vlg0C/_i_n_v16___m_x_i_l_i_n_x___e_t_c___p_w_m___u_s_a_r_t.bin 1474823370
MO FJKC_MXILINX_Main_Module NULL Main_Module.vf vlg0B/_f_j_k_c___m_x_i_l_i_n_x___main___module.bin 1474823370
MO Multiplier_8_MUSER_PID_Module NULL PID_Module.vf vlg3E/_multiplier__8___m_u_s_e_r___p_i_d___module.bin 1474823370
MO Multiplier_4_MUSER_ETC_PWM_USART NULL ETC_PWM_USART.vf vlg71/_multiplier__4___m_u_s_e_r___e_t_c___p_w_m___u_s_a_r_t.bin 1474823371
MO CB2RE_MXILINX_ETC_PWM_USART NULL ETC_PWM_USART.vf vlg2A/_c_b2_r_e___m_x_i_l_i_n_x___e_t_c___p_w_m___u_s_a_r_t.bin 1474823371
MO Reg_4bit_MUSER_nin_counter NULL nin_counter.vf vlg2E/_reg__4bit___m_u_s_e_r__nin__counter.bin 1474823369
MO FD9CE_MUSER_Main_Module NULL Main_Module.vf vlg5B/_f_d9_c_e___m_u_s_e_r___main___module.bin 1474823370
MO Multiplier_4_MUSER_TotError NULL TotError.vf vlg21/_multiplier__4___m_u_s_e_r___tot_error.bin 1474823369
MO Add_sub_4bit NULL Add_sub_4bit.vf vlg58/_add__sub__4bit.bin 1474823369
MO Main_Module NULL Main_Module.vf vlg52/_main___module.bin 1474823370
MO Flip_flip9_MUSER_PID_Module NULL PID_Module.vf vlg0E/_flip__flip9___m_u_s_e_r___p_i_d___module.bin 1474823370
MO Parity_gen_MUSER_usart_receiver NULL usart_receiver.vf vlg53/_parity__gen___m_u_s_e_r__usart__receiver.bin 1474823370
MO Bit9_to_Bit8 NULL Bit9_to_Bit8.vf vlg20/_bit9__to___bit8.bin 1474823370
MO D_error NULL D_error.vf vlg0D/_d__error.bin 1474823369
MO counter NULL counter.vf vlg10/counter.bin 1474823370
MO Incrementer_Decrementer_MUSER_twos_compliment_using_inverter NULL twos_compliment_using_inverter.vf vlg56/_incrementer___decrementer___m_u_s_e_r__twos__compliment__using__inverter.bin 1431582300
MO outputreg_at_end_ofinput_MUSER_usart_receiver NULL usart_receiver.vf vlg4E/outputreg__at__end__ofinput___m_u_s_e_r__usart__receiver.bin 1474823370
MO SIPO_reg_MUSER_ETC_PWM_USART NULL ETC_PWM_USART.vf vlg5B/_s_i_p_o__reg___m_u_s_e_r___e_t_c___p_w_m___u_s_a_r_t.bin 1474823371
MO Flip_flip9_MUSER_Couter_9CE NULL Couter_9CE.vf vlg3E/_flip__flip9___m_u_s_e_r___couter__9_c_e.bin 1474823369
MO Mux_2_16_MUSER_OCR_Generator NULL OCR_Generator.vf vlg6D/_mux__2__16___m_u_s_e_r___o_c_r___generator.bin 1474823369
MO Reg_4bit_MUSER_ETC_PWM_USART NULL ETC_PWM_USART.vf vlg4F/_reg__4bit___m_u_s_e_r___e_t_c___p_w_m___u_s_a_r_t.bin 1474823371
MO Twos_Comp NULL Twos_Comp.vf vlg03/_twos___comp.bin 1474823369
MO Digital_Filter_MUSER_usart_receiver NULL usart_receiver.vf vlg38/_digital___filter___m_u_s_e_r__usart__receiver.bin 1474823370
MO Twos_Comp_MUSER_ETC_PWM_USART NULL ETC_PWM_USART.vf vlg32/_twos___comp___m_u_s_e_r___e_t_c___p_w_m___u_s_a_r_t.bin 1474823371
MO Add_sub_4bit_MUSER_usart_transmiter NULL usart_transmiter.vf vlg01/_add__sub__4bit___m_u_s_e_r__usart__transmiter.bin 1474823370
MO Add_sub_4bit_MUSER_ETC_PWM_USART NULL ETC_PWM_USART.vf vlg77/_add__sub__4bit___m_u_s_e_r___e_t_c___p_w_m___u_s_a_r_t.bin 1474823371
MO Flip_Flop_18 NULL Flip_Flop_18.vf vlg7F/_flip___flop__18.bin 1474823369
MO Multiplier_2_MUSER_TotError NULL TotError.vf vlg07/_multiplier__2___m_u_s_e_r___tot_error.bin 1474823369
MO outputreg_at_end_ofinput_MUSER_ETC_PWM_USART NULL ETC_PWM_USART.vf vlg50/outputreg__at__end__ofinput___m_u_s_e_r___e_t_c___p_w_m___u_s_a_r_t.bin 1474823371
MO FTC_MXILINX_ETC_PWM_USART NULL ETC_PWM_USART.vf vlg11/_f_t_c___m_x_i_l_i_n_x___e_t_c___p_w_m___u_s_a_r_t.bin 1474823371
MO OCR_8 NULL OCR_8.vf vlg2B/_o_c_r__8.bin 1474823369
MO Mux_2_8 NULL Mux_2_8.vf vlg3E/_mux__2__8.bin 1474823369
MO nin_counter_MUSER_usart_receiver NULL usart_receiver.vf vlg65/nin__counter___m_u_s_e_r__usart__receiver.bin 1474823370
MO code NULL "C:/Users/Kaustubh Mundhada/Dropbox/Work/krssg/FPGA/xillinxs project/Booths_algorithm - Copy/code.v" vlg07/code.bin 1431464723
MO FJKC_MXILINX_Digital_Filter NULL Digital_Filter.vf vlg58/_f_j_k_c___m_x_i_l_i_n_x___digital___filter.bin 1474823369
MO twos_compliment_using_inverter NULL twos_compliment_using_inverter.vf vlg37/twos__compliment__using__inverter.bin 1431582300
MO outputreg_at_end_ofinput NULL outputreg_at_end_ofinput.vf vlg01/outputreg__at__end__ofinput.bin 1474823369
MO FD9CE_MUSER_ETC_PWM_USART NULL ETC_PWM_USART.vf vlg2E/_f_d9_c_e___m_u_s_e_r___e_t_c___p_w_m___u_s_a_r_t.bin 1474823370
MO OCR_Generator NULL OCR_Generator.vf vlg22/_o_c_r___generator.bin 1474823369
MO TotError_MUSER_ETC_PWM_USART NULL ETC_PWM_USART.vf vlg1C/_tot_error___m_u_s_e_r___e_t_c___p_w_m___u_s_a_r_t.bin 1474823371
MO ADD16_MXILINX_PID_Module NULL PID_Module.vf vlg25/_a_d_d16___m_x_i_l_i_n_x___p_i_d___module.bin 1474823370
MO Digital_Filter_MUSER_Main_Module NULL Main_Module.vf vlg7F/_digital___filter___m_u_s_e_r___main___module.bin 1474823370
MO Add_sub_4bit_MUSER_nin_counter NULL nin_counter.vf vlg16/_add__sub__4bit___m_u_s_e_r__nin__counter.bin 1474823369
MO Incrementer_Decrementer_16_MUSER_Twos_Comp NULL Twos_Comp.vf vlg74/_incrementer___decrementer__16___m_u_s_e_r___twos___comp.bin 1474823369
MO ADD16_MXILINX_OCR_Generator NULL OCR_Generator.vf vlg55/_a_d_d16___m_x_i_l_i_n_x___o_c_r___generator.bin 1474823369
MO Incrementer_Decrementer_MUSER_Couter_9CE NULL Couter_9CE.vf vlg35/_incrementer___decrementer___m_u_s_e_r___couter__9_c_e.bin 1474823369
MO Flip_Flop_18_MUSER_Counter_18 NULL Counter_18.vf vlg19/_flip___flop__18___m_u_s_e_r___counter__18.bin 1474823370
MO Flip_flip9_MUSER_ETC_SYNCRONOUS NULL ETC_SYNCRONOUS.vf vlg7E/_flip__flip9___m_u_s_e_r___e_t_c___s_y_n_c_r_o_n_o_u_s.bin 1474823369
MO Flip_flip9_MUSER_Precale_434 NULL Precale_434.vf vlg32/_flip__flip9___m_u_s_e_r___precale__434.bin 1474823370
MO Incrementer_Decrementer_16_MUSER_OCR_Generator NULL OCR_Generator.vf vlg03/_incrementer___decrementer__16___m_u_s_e_r___o_c_r___generator.bin 1474823369
MO OCR_8_MUSER_OCR_Generator NULL OCR_Generator.vf vlg2F/_o_c_r__8___m_u_s_e_r___o_c_r___generator.bin 1474823369
MO FTPE_MXILINX_Timer_PWM NULL Timer_PWM.vf vlg7A/_f_t_p_e___m_x_i_l_i_n_x___timer___p_w_m.bin 1474823370
MO FTC_MXILINX_Precale_434 NULL Precale_434.vf vlg5E/_f_t_c___m_x_i_l_i_n_x___precale__434.bin 1474823370
MO FJKC_MXILINX_usart_receiver NULL usart_receiver.vf vlg14/_f_j_k_c___m_x_i_l_i_n_x__usart__receiver.bin 1474823370
MO OR8_MXILINX_OCR_Generator NULL OCR_Generator.vf vlg12/_o_r8___m_x_i_l_i_n_x___o_c_r___generator.bin 1431215453
MO INV16_MXILINX_Twos_Comp NULL Twos_Comp.vf vlg32/_i_n_v16___m_x_i_l_i_n_x___twos___comp.bin 1474823369
MO TotError NULL TotError.vf vlg0D/_tot_error.bin 1474823369
MO Mux_2_8_MUSER_ETC_PWM_USART NULL ETC_PWM_USART.vf vlg7D/_mux__2__8___m_u_s_e_r___e_t_c___p_w_m___u_s_a_r_t.bin 1474823370
MO decade_counter_new NULL decade_counter_new.vf vlg36/decade__counter__new.bin 1474823370
MO Timer_PWM NULL Timer_PWM.vf vlg0C/_timer___p_w_m.bin 1474823370
MO Twos_Comp_MUSER_PID_Module NULL PID_Module.vf vlg3F/_twos___comp___m_u_s_e_r___p_i_d___module.bin 1474823370
MO Multiplier_MUSER_TotError NULL TotError.vf vlg76/_multiplier___m_u_s_e_r___tot_error.bin 1474823369
MO Multiplier_2_MUSER_Multiplier NULL Multiplier.vf vlg45/_multiplier__2___m_u_s_e_r___multiplier.bin 1474823369
MO Flip_flip9_MUSER_ETC_PWM_USART NULL ETC_PWM_USART.vf vlg45/_flip__flip9___m_u_s_e_r___e_t_c___p_w_m___u_s_a_r_t.bin 1474823370
MO FTPE_MXILINX_counter NULL counter.vf vlg2E/_f_t_p_e___m_x_i_l_i_n_x__counter.bin 1474823370
MO FTRSE_MXILINX_ETC_PWM_USART NULL ETC_PWM_USART.vf vlg7C/_f_t_r_s_e___m_x_i_l_i_n_x___e_t_c___p_w_m___u_s_a_r_t.bin 1474823371
MO FD16RE_MXILINX_OCR_Generator NULL OCR_Generator.vf vlg35/_f_d16_r_e___m_x_i_l_i_n_x___o_c_r___generator.bin 1474823369
MO Parity_gen_MUSER_ETC_PWM_USART NULL ETC_PWM_USART.vf vlg51/_parity__gen___m_u_s_e_r___e_t_c___p_w_m___u_s_a_r_t.bin 1474823371
MO Reg_4bit_MUSER_usart_receiver NULL usart_receiver.vf vlg49/_reg__4bit___m_u_s_e_r__usart__receiver.bin 1474823370
MO FTPE_MXILINX_ETC_PWM_USART NULL ETC_PWM_USART.vf vlg5B/_f_t_p_e___m_x_i_l_i_n_x___e_t_c___p_w_m___u_s_a_r_t.bin 1474823371
MO FTPE_MXILINX_Counter_18 NULL Counter_18.vf vlg4A/_f_t_p_e___m_x_i_l_i_n_x___counter__18.bin 1474823370
MO Digital_Filter_MUSER_ETC_PWM_USART NULL ETC_PWM_USART.vf vlg32/_digital___filter___m_u_s_e_r___e_t_c___p_w_m___u_s_a_r_t.bin 1474823370
MO CC8CE_MXILINX_counter NULL counter.vf vlg0D/_c_c8_c_e___m_x_i_l_i_n_x__counter.bin 1474823370
MO Couter_9CE_MUSER_ETC_PWM_USART NULL ETC_PWM_USART.vf vlg25/_couter__9_c_e___m_u_s_e_r___e_t_c___p_w_m___u_s_a_r_t.bin 1474823370
MO FTCE_MXILINX_ETC_PWM_USART NULL ETC_PWM_USART.vf vlg52/_f_t_c_e___m_x_i_l_i_n_x___e_t_c___p_w_m___u_s_a_r_t.bin 1474823371
MO Incrementer_Decrementer_16 NULL Incrementer_Decrementer_16.vf vlg3F/_incrementer___decrementer__16.bin 1440263397
MO Multiplier_IPcore NULL ../Multiplier/Multiplier_IPcore.v vlg10/_multiplier___i_pcore.bin 1431687638
MO Multiplier_2_MUSER_PID_Module NULL PID_Module.vf vlg20/_multiplier__2___m_u_s_e_r___p_i_d___module.bin 1474823370
MO CC8CE_MXILINX_Timer_PWM NULL Timer_PWM.vf vlg41/_c_c8_c_e___m_x_i_l_i_n_x___timer___p_w_m.bin 1474823370
MO Reg_4bit_MUSER_usart_transmiter NULL usart_transmiter.vf vlg79/_reg__4bit___m_u_s_e_r__usart__transmiter.bin 1474823370
MO TotError_MUSER_PID_Module NULL PID_Module.vf vlg71/_tot_error___m_u_s_e_r___p_i_d___module.bin 1474823370
MO Couter_9CE_MUSER_Main_Module NULL Main_Module.vf vlg6A/_couter__9_c_e___m_u_s_e_r___main___module.bin 1474823370
MO Add_sub_4bit_MUSER_decade_counter_new NULL decade_counter_new.vf vlg68/_add__sub__4bit___m_u_s_e_r__decade__counter__new.bin 1474823370
MO FTRSE_MXILINX_Timer_PWM NULL Timer_PWM.vf vlg2B/_f_t_r_s_e___m_x_i_l_i_n_x___timer___p_w_m.bin 1474823370
MO Reg_4bit NULL Reg_4bit.vf vlg30/_reg__4bit.bin 1474823369
MO sub9bit_MUSER_TotError NULL TotError.vf vlg6D/sub9bit___m_u_s_e_r___tot_error.bin 1474823369
MO INV16_MXILINX_OCR_Generator NULL OCR_Generator.vf vlg61/_i_n_v16___m_x_i_l_i_n_x___o_c_r___generator.bin 1474823369
MO sub9bit_MUSER_PID_Module NULL PID_Module.vf vlg16/sub9bit___m_u_s_e_r___p_i_d___module.bin 1474823370
MO sub9bit NULL sub9bit.vf vlg6E/sub9bit.bin 1474823369
MO Timer_PWM_MUSER_ETC_PWM_USART NULL ETC_PWM_USART.vf vlg6B/_timer___p_w_m___m_u_s_e_r___e_t_c___p_w_m___u_s_a_r_t.bin 1474823371
MO Couter_9CE_MUSER_ETC_SYNCRONOUS NULL ETC_SYNCRONOUS.vf vlg5E/_couter__9_c_e___m_u_s_e_r___e_t_c___s_y_n_c_r_o_n_o_u_s.bin 1474823369
MO Flip_flip9_MUSER_Main_Module NULL Main_Module.vf vlg0A/_flip__flip9___m_u_s_e_r___main___module.bin 1474823370
MO bit10datareg_to_transmit NULL bit10datareg_to_transmit.vf vlg63/bit10datareg__to__transmit.bin 1474823370
MO Incre_dcre_18 NULL Incre_dcre_18.vf vlg66/_incre__dcre__18.bin 1474823369
MO FTCE_MXILINX_Counter_18 NULL Counter_18.vf vlg4D/_f_t_c_e___m_x_i_l_i_n_x___counter__18.bin 1431598963
