MO FTCE_MXILINX_FIRA_2_0 NULL FIRA_2_0.vf vlg6B/_f_t_c_e___m_x_i_l_i_n_x___f_i_r_a__2__0.bin 1474831123
MO add4_bus_MUSER_Fuzzy_PID NULL Fuzzy_PID.vf vlg4C/add4__bus___m_u_s_e_r___fuzzy___p_i_d.bin 1474831122
MO Couter_9CE NULL Couter_9CE.vf vlg66/_couter__9_c_e.bin 1474831120
MO Min_4bit_MUSER_Min_Array_3_by_3 NULL Min_Array_3_by_3.vf vlg14/_min__4bit___m_u_s_e_r___min___array__3__by__3.bin 1474831120
MO Kp_Defuzzy_MUSER_Fuzzy_PID NULL Fuzzy_PID.vf vlg15/_kp___defuzzy___m_u_s_e_r___fuzzy___p_i_d.bin 1474831122
MO Incrementer_Decrementer_MUSER_FIRA_2_0 NULL FIRA_2_0.vf vlg01/_incrementer___decrementer___m_u_s_e_r___f_i_r_a__2__0.bin 1474831123
MO add6 NULL add6.vf vlg4B/add6.bin 1474831120
MO FD8CE_MXILINX_FIRA_Fuzzy_1_0 NULL FIRA_Fuzzy_1_0.vf vlg21/_f_d8_c_e___m_x_i_l_i_n_x___f_i_r_a___fuzzy__1__0.bin 1474831121
MO FD9CE NULL FD9CE.vf vlg3F/_f_d9_c_e.bin 1474831120
MO M2_1E_MXILINX_FIRA_2_0 NULL FIRA_2_0.vf vlg25/_m2__1_e___m_x_i_l_i_n_x___f_i_r_a__2__0.bin 1474831123
MO bit10datareg_to_transmit_MUSER_FIRA_2_0 NULL FIRA_2_0.vf vlg2B/bit10datareg__to__transmit___m_u_s_e_r___f_i_r_a__2__0.bin 1474831123
MO Bit8_to_bit9_MUSER_Fuzzy_PID NULL Fuzzy_PID.vf vlg42/_bit8__to__bit9___m_u_s_e_r___fuzzy___p_i_d.bin 1474831122
MO add6_MUSER_FIRA_2_0 NULL FIRA_2_0.vf vlg73/add6___m_u_s_e_r___f_i_r_a__2__0.bin 1474831123
MO INV16_MXILINX_OCR_Generator NULL OCR_Generator.vf vlg61/_i_n_v16___m_x_i_l_i_n_x___o_c_r___generator.bin 1474831122
MO Main_Module_MUSER_FIRA_2_0 NULL FIRA_2_0.vf vlg4E/_main___module___m_u_s_e_r___f_i_r_a__2__0.bin 1474831123
MO FD9CE_MUSER_FIRA_2_0 NULL FIRA_2_0.vf vlg57/_f_d9_c_e___m_u_s_e_r___f_i_r_a__2__0.bin 1474831123
MO Mux_2_16_MUSER_OCR_Generator NULL OCR_Generator.vf vlg6D/_mux__2__16___m_u_s_e_r___o_c_r___generator.bin 1474831122
MO decade_counter_new_MUSER_FIRA_2_0 NULL FIRA_2_0.vf vlg62/decade__counter__new___m_u_s_e_r___f_i_r_a__2__0.bin 1474831123
MO D_error_MUSER_Fuzzy_PID NULL Fuzzy_PID.vf vlg2F/_d__error___m_u_s_e_r___fuzzy___p_i_d.bin 1474831122
MO Incrementer_Decrementer_MUSER_Couter_9CE NULL Couter_9CE.vf vlg35/_incrementer___decrementer___m_u_s_e_r___couter__9_c_e.bin 1474831120
MO usart_transmiter_MUSER_FIRA_2_0 NULL FIRA_2_0.vf vlg17/usart__transmiter___m_u_s_e_r___f_i_r_a__2__0.bin 1474831123
MO Twos_Comp_MUSER_FIRA_2_0 NULL FIRA_2_0.vf vlg4B/_twos___comp___m_u_s_e_r___f_i_r_a__2__0.bin 1474831123
MO Reg_4bit_MUSER_decade_counter_new NULL decade_counter_new.vf vlg20/_reg__4bit___m_u_s_e_r__decade__counter__new.bin 1474831121
MO Flip_flip9_MUSER_ETC_SYNCRONOUS NULL ETC_SYNCRONOUS.vf vlg7E/_flip__flip9___m_u_s_e_r___e_t_c___s_y_n_c_r_o_n_o_u_s.bin 1474831121
MO Flip_flip9_MUSER_D_error NULL D_error.vf vlg45/_flip__flip9___m_u_s_e_r___d__error.bin 1474831120
MO usart_transmiter NULL usart_transmiter.vf vlg7F/usart__transmiter.bin 1474831121
MO SIPO_reg_MUSER_FIRA_2_0 NULL FIRA_2_0.vf vlg70/_s_i_p_o__reg___m_u_s_e_r___f_i_r_a__2__0.bin 1474831123
MO Error_D_Error_Gen NULL Error_D_Error_Gen.vf vlg17/_error___d___error___gen.bin 1474831121
MO Divide_8bit_8bit_restore_MUSER_Fuzzy_PID NULL Fuzzy_PID.vf vlg36/_divide__8bit__8bit__restore___m_u_s_e_r___fuzzy___p_i_d.bin 1474831122
MO Max_4bit_MUSER_FIRA_Fuzzy_1_0 NULL FIRA_Fuzzy_1_0.vf vlg22/_max__4bit___m_u_s_e_r___f_i_r_a___fuzzy__1__0.bin 1474831121
MO Mux_2_4bit_MUSER_Max_4bit NULL Max_4bit.vf vlg1B/_mux__2__4bit___m_u_s_e_r___max__4bit.bin 1474831120
MO Mux_2_4bit_MUSER_Min_4bit NULL Min_4bit.vf vlg51/_mux__2__4bit___m_u_s_e_r___min__4bit.bin 1474831120
MO OCR_8 NULL OCR_8.vf vlg2B/_o_c_r__8.bin 1474831120
MO ADD4_MXILINX_FIRA_Fuzzy_1_0 NULL FIRA_Fuzzy_1_0.vf vlg28/_a_d_d4___m_x_i_l_i_n_x___f_i_r_a___fuzzy__1__0.bin 1474831121
MO Digital_Filter_MUSER_Main_Module NULL Main_Module.vf vlg7F/_digital___filter___m_u_s_e_r___main___module.bin 1474831122
MO Main_Module NULL Main_Module.vf vlg52/_main___module.bin 1474831122
MO Add_sub_4bit_MUSER_usart_receiver NULL usart_receiver.vf vlg11/_add__sub__4bit___m_u_s_e_r__usart__receiver.bin 1474831122
MO M2_1E_MXILINX_error_derror_range_generator NULL error_derror_range_generator.vf vlg74/_m2__1_e___m_x_i_l_i_n_x__error__derror__range__generator.bin 1474831120
MO ADD4_MXILINX_Fuzzy_PID NULL Fuzzy_PID.vf vlg40/_a_d_d4___m_x_i_l_i_n_x___fuzzy___p_i_d.bin 1474831122
MO FJKC_MXILINX_Main_Module NULL Main_Module.vf vlg0B/_f_j_k_c___m_x_i_l_i_n_x___main___module.bin 1474831122
MO Kp_Defuzzy_MUSER_FIRA_Fuzzy_1_0 NULL FIRA_Fuzzy_1_0.vf vlg41/_kp___defuzzy___m_u_s_e_r___f_i_r_a___fuzzy__1__0.bin 1474831121
MO Mux_2_4bit_MUSER_Kd_Deffuzy NULL Kd_Deffuzy.vf vlg0A/_mux__2__4bit___m_u_s_e_r___kd___deffuzy.bin 1474831120
MO FTCE_MXILINX_Fuzzy_PID NULL Fuzzy_PID.vf vlg45/_f_t_c_e___m_x_i_l_i_n_x___fuzzy___p_i_d.bin 1474831122
MO Reg_4bit NULL Reg_4bit.vf vlg30/_reg__4bit.bin 1474831120
MO Left_Shift_8Bit_MUSER_Divide_8bit_8bit_restore NULL Divide_8bit_8bit_restore.vf vlg5C/_left___shift__8_bit___m_u_s_e_r___divide__8bit__8bit__restore.bin 1474831120
MO FTC_MXILINX_Precale_434 NULL Precale_434.vf vlg5E/_f_t_c___m_x_i_l_i_n_x___precale__434.bin 1474831122
MO Max_4bit_MUSER_Kd_Deffuzy NULL Kd_Deffuzy.vf vlg41/_max__4bit___m_u_s_e_r___kd___deffuzy.bin 1474831120
MO Left_Shift_9Bit_MUSER_Fuzzy_PID NULL Fuzzy_PID.vf vlg55/_left___shift__9_bit___m_u_s_e_r___fuzzy___p_i_d.bin 1474831122
MO Mux_2_8Bit_MUSER_OCR_Generator NULL OCR_Generator.vf vlg5D/_mux__2__8_bit___m_u_s_e_r___o_c_r___generator.bin 1474831122
MO FJKC_MXILINX_Digital_Filter NULL Digital_Filter.vf vlg58/_f_j_k_c___m_x_i_l_i_n_x___digital___filter.bin 1474831121
MO CB2RE_MXILINX_FIRA_2_0 NULL FIRA_2_0.vf vlg63/_c_b2_r_e___m_x_i_l_i_n_x___f_i_r_a__2__0.bin 1474831123
MO Mux_2_4bit NULL Mux_2_4bit.vf vlg65/_mux__2__4bit.bin 1474831120
MO ETC_SYNCRONOUS NULL ETC_SYNCRONOUS.vf vlg26/_e_t_c___s_y_n_c_r_o_n_o_u_s.bin 1474831121
MO add6_MUSER_FIRA_Fuzzy_1_0 NULL FIRA_Fuzzy_1_0.vf vlg79/add6___m_u_s_e_r___f_i_r_a___fuzzy__1__0.bin 1474831121
MO Mux_2_8Bit_MUSER_FIRA_Fuzzy_1_0 NULL FIRA_Fuzzy_1_0.vf vlg3F/_mux__2__8_bit___m_u_s_e_r___f_i_r_a___fuzzy__1__0.bin 1474831121
MO FTPE_MXILINX_Timer_PWM NULL Timer_PWM.vf vlg7A/_f_t_p_e___m_x_i_l_i_n_x___timer___p_w_m.bin 1474831122
MO Bit8_to_bit9_MUSER_FIRA_2_0 NULL FIRA_2_0.vf vlg04/_bit8__to__bit9___m_u_s_e_r___f_i_r_a__2__0.bin 1474831122
MO COMPM4_MXILINX_error_derror_range_generator NULL error_derror_range_generator.vf vlg78/_c_o_m_p_m4___m_x_i_l_i_n_x__error__derror__range__generator.bin 1474831120
MO Multiply_4Bit_5_MUSER_FIRA_Fuzzy_1_0 NULL FIRA_Fuzzy_1_0.vf vlg50/_multiply__4_bit__5___m_u_s_e_r___f_i_r_a___fuzzy__1__0.bin 1474831121
MO OCR_Generator_MUSER_FIRA_2_0 NULL FIRA_2_0.vf vlg5E/_o_c_r___generator___m_u_s_e_r___f_i_r_a__2__0.bin 1474831123
MO Mux_2_8_MUSER_FIRA_2_0 NULL FIRA_2_0.vf vlg4A/_mux__2__8___m_u_s_e_r___f_i_r_a__2__0.bin 1474831123
MO OCR_8_MUSER_FIRA_2_0 NULL FIRA_2_0.vf vlg53/_o_c_r__8___m_u_s_e_r___f_i_r_a__2__0.bin 1474831123
MO Incrementer_Decrementer NULL Incrementer_Decrementer.vf vlg11/_incrementer___decrementer.bin 1474831120
MO Twos_Comp_MUSER_OCR_Generator NULL OCR_Generator.vf vlg07/_twos___comp___m_u_s_e_r___o_c_r___generator.bin 1474831122
MO COMPM4_MXILINX_Kp_Defuzzy NULL Kp_Defuzzy.vf vlg6A/_c_o_m_p_m4___m_x_i_l_i_n_x___kp___defuzzy.bin 1474831120
MO Mux_2_4bit_MUSER_FIRA_2_0 NULL FIRA_2_0.vf vlg45/_mux__2__4bit___m_u_s_e_r___f_i_r_a__2__0.bin 1474831123
MO COMPM4_MXILINX_FIRA_Fuzzy_1_0 NULL FIRA_Fuzzy_1_0.vf vlg1F/_c_o_m_p_m4___m_x_i_l_i_n_x___f_i_r_a___fuzzy__1__0.bin 1474831121
MO Multiply_4Bit_3_MUSER_FIRA_2_0 NULL FIRA_2_0.vf vlg38/_multiply__4_bit__3___m_u_s_e_r___f_i_r_a__2__0.bin 1474831123
MO Incrementer_Decrementer_MUSER_FIRA_Fuzzy_1_0 NULL FIRA_Fuzzy_1_0.vf vlg77/_incrementer___decrementer___m_u_s_e_r___f_i_r_a___fuzzy__1__0.bin 1474831121
MO M4_1E_MXILINX_FIRA_Fuzzy_1_0 NULL FIRA_Fuzzy_1_0.vf vlg2D/_m4__1_e___m_x_i_l_i_n_x___f_i_r_a___fuzzy__1__0.bin 1474831121
MO SIPO_reg_MUSER_usart_receiver NULL usart_receiver.vf vlg05/_s_i_p_o__reg___m_u_s_e_r__usart__receiver.bin 1474831122
MO CC8CE_MXILINX_FIRA_2_0 NULL FIRA_2_0.vf vlg4B/_c_c8_c_e___m_x_i_l_i_n_x___f_i_r_a__2__0.bin 1474831123
MO D_error_MUSER_Error_D_Error_Gen NULL Error_D_Error_Gen.vf vlg76/_d__error___m_u_s_e_r___error___d___error___gen.bin 1474831121
MO negative_mux_MUSER_FIRA_2_0 NULL FIRA_2_0.vf vlg3C/negative__mux___m_u_s_e_r___f_i_r_a__2__0.bin 1474831123
MO Incre_dcre_18_MUSER_Counter_18 NULL Counter_18.vf vlg5C/_incre__dcre__18___m_u_s_e_r___counter__18.bin 1474831122
MO Mux_2_8_MUSER_OCR_Generator NULL OCR_Generator.vf vlg52/_mux__2__8___m_u_s_e_r___o_c_r___generator.bin 1474826048
MO nin_counter_MUSER_FIRA_2_0 NULL FIRA_2_0.vf vlg50/nin__counter___m_u_s_e_r___f_i_r_a__2__0.bin 1474831123
MO outputreg_at_end_ofinput NULL outputreg_at_end_ofinput.vf vlg01/outputreg__at__end__ofinput.bin 1474831120
MO Precale_434 NULL Precale_434.vf vlg7A/_precale__434.bin 1474831122
MO Incrementer_Decrementer_16_MUSER_FIRA_2_0 NULL FIRA_2_0.vf vlg57/_incrementer___decrementer__16___m_u_s_e_r___f_i_r_a__2__0.bin 1474831123
MO Left_Shift_8Bit_MUSER_Fuzzy_PID NULL Fuzzy_PID.vf vlg18/_left___shift__8_bit___m_u_s_e_r___fuzzy___p_i_d.bin 1474831122
MO M2_1E_MXILINX_Fuzzy_PID NULL Fuzzy_PID.vf vlg67/_m2__1_e___m_x_i_l_i_n_x___fuzzy___p_i_d.bin 1474831122
MO CB4CE_MXILINX_FIRA_2_0 NULL FIRA_2_0.vf vlg26/_c_b4_c_e___m_x_i_l_i_n_x___f_i_r_a__2__0.bin 1474831123
MO counter_MUSER_Timer_PWM NULL Timer_PWM.vf vlg0E/counter___m_u_s_e_r___timer___p_w_m.bin 1474831122
MO Min_Array_3_by_3_MUSER_Fuzzy_PID NULL Fuzzy_PID.vf vlg7E/_min___array__3__by__3___m_u_s_e_r___fuzzy___p_i_d.bin 1474831122
MO FTRSE_MXILINX_Timer_PWM NULL Timer_PWM.vf vlg2B/_f_t_r_s_e___m_x_i_l_i_n_x___timer___p_w_m.bin 1474831122
MO Flip_flip9_MUSER_Main_Module NULL Main_Module.vf vlg0A/_flip__flip9___m_u_s_e_r___main___module.bin 1474831122
MO add4_bus NULL add4_bus.vf vlg6A/add4__bus.bin 1474831120
MO Couter_9CE_MUSER_ETC_SYNCRONOUS NULL ETC_SYNCRONOUS.vf vlg5E/_couter__9_c_e___m_u_s_e_r___e_t_c___s_y_n_c_r_o_n_o_u_s.bin 1474831121
MO Divide_8bit_8bit_restore NULL Divide_8bit_8bit_restore.vf vlg54/_divide__8bit__8bit__restore.bin 1474831120
MO Incrementer_Decrementer_16 NULL Incrementer_Decrementer_16.vf vlg3F/_incrementer___decrementer__16.bin 1474831120
MO FD9CE_MUSER_Fuzzy_PID NULL Fuzzy_PID.vf vlg61/_f_d9_c_e___m_u_s_e_r___fuzzy___p_i_d.bin 1474831122
MO add6_MUSER_Fuzzy_PID NULL Fuzzy_PID.vf vlg6D/add6___m_u_s_e_r___fuzzy___p_i_d.bin 1474831122
MO Mult_9bit_3Bit_Comb_MUSER_Fuzzy_PID NULL Fuzzy_PID.vf vlg3C/_mult__9bit__3_bit___comb___m_u_s_e_r___fuzzy___p_i_d.bin 1474831122
MO Incrementer_Decrementer_MUSER_Main_Module NULL Main_Module.vf vlg5D/_incrementer___decrementer___m_u_s_e_r___main___module.bin 1474831122
MO FTRSE_MXILINX_FIRA_2_0 NULL FIRA_2_0.vf vlg2D/_f_t_r_s_e___m_x_i_l_i_n_x___f_i_r_a__2__0.bin 1474831123
MO Mult_9bit_3Bit_Comb_MUSER_FIRA_2_0 NULL FIRA_2_0.vf vlg36/_mult__9bit__3_bit___comb___m_u_s_e_r___f_i_r_a__2__0.bin 1474831123
MO FTC_MXILINX_FIRA_2_0 NULL FIRA_2_0.vf vlg0E/_f_t_c___m_x_i_l_i_n_x___f_i_r_a__2__0.bin 1474831123
MO Min_4bit_MUSER_FIRA_Fuzzy_1_0 NULL FIRA_Fuzzy_1_0.vf vlg50/_min__4bit___m_u_s_e_r___f_i_r_a___fuzzy__1__0.bin 1474831121
MO CB2RE_MXILINX_Timer_PWM NULL Timer_PWM.vf vlg39/_c_b2_r_e___m_x_i_l_i_n_x___timer___p_w_m.bin 1474831122
MO negative_mux_MUSER_FIRA_Fuzzy_1_0 NULL FIRA_Fuzzy_1_0.vf vlg0A/negative__mux___m_u_s_e_r___f_i_r_a___fuzzy__1__0.bin 1474831121
MO Error_D_Error_Gen_MUSER_Fuzzy_PID NULL Fuzzy_PID.vf vlg39/_error___d___error___gen___m_u_s_e_r___fuzzy___p_i_d.bin 1474831122
MO ADD4_MXILINX_Multiply_4Bit_3 NULL Multiply_4Bit_3.vf vlg34/_a_d_d4___m_x_i_l_i_n_x___multiply__4_bit__3.bin 1474831120
MO Left_Shift_9Bit_MUSER_FIRA_Fuzzy_1_0 NULL FIRA_Fuzzy_1_0.vf vlg01/_left___shift__9_bit___m_u_s_e_r___f_i_r_a___fuzzy__1__0.bin 1474831121
MO Incrementer_Decrementer_16_MUSER_Twos_Comp NULL Twos_Comp.vf vlg74/_incrementer___decrementer__16___m_u_s_e_r___twos___comp.bin 1474831120
MO ADD4_MXILINX_Multiply_4Bit_5 NULL Multiply_4Bit_5.vf vlg36/_a_d_d4___m_x_i_l_i_n_x___multiply__4_bit__5.bin 1474831120
MO sub9bit_MUSER_FIRA_2_0 NULL FIRA_2_0.vf vlg3A/sub9bit___m_u_s_e_r___f_i_r_a__2__0.bin 1474831123
MO Min_4bit_MUSER_FIRA_2_0 NULL FIRA_2_0.vf vlg52/_min__4bit___m_u_s_e_r___f_i_r_a__2__0.bin 1474831123
MO decade_counter_new NULL decade_counter_new.vf vlg36/decade__counter__new.bin 1474831121
MO twos_compliment_using_inverter_MUSER_error_derror_range_generator NULL error_derror_range_generator.vf vlg1E/twos__compliment__using__inverter___m_u_s_e_r__error__derror__range__generator.bin 1474831120
MO Left_Shift_9Bit_MUSER_FIRA_2_0 NULL FIRA_2_0.vf vlg3B/_left___shift__9_bit___m_u_s_e_r___f_i_r_a__2__0.bin 1474831123
MO Timer_PWM NULL Timer_PWM.vf vlg0C/_timer___p_w_m.bin 1474831122
MO CB4CE_MXILINX_Fuzzy_PID NULL Fuzzy_PID.vf vlg6C/_c_b4_c_e___m_x_i_l_i_n_x___fuzzy___p_i_d.bin 1474831122
MO Mux_2_8_MUSER_error_derror_range_generator NULL error_derror_range_generator.vf vlg09/_mux__2__8___m_u_s_e_r__error__derror__range__generator.bin 1474831120
MO Mux_2_8Bit NULL Mux_2_8Bit.vf vlg39/_mux__2__8_bit.bin 1474831120
MO Divide_8bit_8bit_restore_MUSER_FIRA_2_0 NULL FIRA_2_0.vf vlg68/_divide__8bit__8bit__restore___m_u_s_e_r___f_i_r_a__2__0.bin 1474831123
MO Left_Shift_8Bit_MUSER_FIRA_2_0 NULL FIRA_2_0.vf vlg62/_left___shift__8_bit___m_u_s_e_r___f_i_r_a__2__0.bin 1474831123
MO Add_sub_4bit NULL Add_sub_4bit.vf vlg58/_add__sub__4bit.bin 1474831120
MO Mux_2_4bit_MUSER_Kp_Defuzzy NULL Kp_Defuzzy.vf vlg66/_mux__2__4bit___m_u_s_e_r___kp___defuzzy.bin 1474831120
MO Incrementer_Decrementer_MUSER_ETC_SYNCRONOUS NULL ETC_SYNCRONOUS.vf vlg05/_incrementer___decrementer___m_u_s_e_r___e_t_c___s_y_n_c_r_o_n_o_u_s.bin 1474831121
MO ADSU4_MXILINX_FIRA_Fuzzy_1_0 NULL FIRA_Fuzzy_1_0.vf vlg0C/_a_d_s_u4___m_x_i_l_i_n_x___f_i_r_a___fuzzy__1__0.bin 1474831121
MO Max_4bit_MUSER_Kp_Defuzzy NULL Kp_Defuzzy.vf vlg1D/_max__4bit___m_u_s_e_r___kp___defuzzy.bin 1474831120
MO Add_sub_4bit_MUSER_FIRA_2_0 NULL FIRA_2_0.vf vlg1C/_add__sub__4bit___m_u_s_e_r___f_i_r_a__2__0.bin 1474831123
MO Multiply_4Bit_3_MUSER_Fuzzy_PID NULL Fuzzy_PID.vf vlg46/_multiply__4_bit__3___m_u_s_e_r___fuzzy___p_i_d.bin 1474831122
MO ADD4_MXILINX_FIRA_2_0 NULL FIRA_2_0.vf vlg6A/_a_d_d4___m_x_i_l_i_n_x___f_i_r_a__2__0.bin 1474831123
MO FD16RE_MXILINX_FIRA_2_0 NULL FIRA_2_0.vf vlg01/_f_d16_r_e___m_x_i_l_i_n_x___f_i_r_a__2__0.bin 1474831123
MO negative_mux NULL negative_mux.vf vlg78/negative__mux.bin 1474831120
MO Flip_flip9_MUSER_Precale_434 NULL Precale_434.vf vlg32/_flip__flip9___m_u_s_e_r___precale__434.bin 1474831122
MO sub9bit_MUSER_Divide_8bit_8bit_restore NULL Divide_8bit_8bit_restore.vf vlg34/sub9bit___m_u_s_e_r___divide__8bit__8bit__restore.bin 1474831120
MO ADSU4_MXILINX_error_derror_range_generator NULL error_derror_range_generator.vf vlg2D/_a_d_s_u4___m_x_i_l_i_n_x__error__derror__range__generator.bin 1474831120
MO usart_receiver NULL usart_receiver.vf vlg3F/usart__receiver.bin 1474831122
MO twos_compliment_using_inverter_MUSER_FIRA_Fuzzy_1_0 NULL FIRA_Fuzzy_1_0.vf vlg55/twos__compliment__using__inverter___m_u_s_e_r___f_i_r_a___fuzzy__1__0.bin 1474831121
MO Kd_Deffuzy NULL Kd_Deffuzy.vf vlg17/_kd___deffuzy.bin 1474831120
MO decade_counter_new_MUSER_usart_transmiter NULL usart_transmiter.vf vlg07/decade__counter__new___m_u_s_e_r__usart__transmiter.bin 1474831121
MO nin_counter NULL nin_counter.vf vlg5C/nin__counter.bin 1474831120
MO Error_D_Error_Gen_MUSER_FIRA_2_0 NULL FIRA_2_0.vf vlg4F/_error___d___error___gen___m_u_s_e_r___f_i_r_a__2__0.bin 1474831123
MO Couter_9CE_MUSER_FIRA_2_0 NULL FIRA_2_0.vf vlg52/_couter__9_c_e___m_u_s_e_r___f_i_r_a__2__0.bin 1474831123
MO Incrementer_Decrementer_MUSER_Precale_434 NULL Precale_434.vf vlg05/_incrementer___decrementer___m_u_s_e_r___precale__434.bin 1474831122
MO Kd_Deffuzy_MUSER_FIRA_2_0 NULL FIRA_2_0.vf vlg4F/_kd___deffuzy___m_u_s_e_r___f_i_r_a__2__0.bin 1474831123
MO negative_mux_MUSER_Fuzzy_PID NULL Fuzzy_PID.vf vlg5A/negative__mux___m_u_s_e_r___fuzzy___p_i_d.bin 1474831122
MO COMPM4_MXILINX_Max_4bit NULL Max_4bit.vf vlg3F/_c_o_m_p_m4___m_x_i_l_i_n_x___max__4bit.bin 1474831120
MO M4_1E_MXILINX_Fuzzy_PID NULL Fuzzy_PID.vf vlg51/_m4__1_e___m_x_i_l_i_n_x___fuzzy___p_i_d.bin 1474831122
MO Left_Shift_8Bit NULL Left_Shift_8Bit.vf vlg36/_left___shift__8_bit.bin 1474831120
MO COMPM4_MXILINX_Min_4bit NULL Min_4bit.vf vlg75/_c_o_m_p_m4___m_x_i_l_i_n_x___min__4bit.bin 1474831120
MO Kp_Defuzzy_MUSER_FIRA_2_0 NULL FIRA_2_0.vf vlg7B/_kp___defuzzy___m_u_s_e_r___f_i_r_a__2__0.bin 1474831123
MO Mux_2_16 NULL Mux_2_16.vf vlg49/_mux__2__16.bin 1474831120
MO CC8CE_MXILINX_counter NULL counter.vf vlg0D/_c_c8_c_e___m_x_i_l_i_n_x__counter.bin 1474831121
MO Mult_9bit_3Bit_Comb NULL Mult_9bit_3Bit_Comb.vf vlg5A/_mult__9bit__3_bit___comb.bin 1474831121
MO M4_1E_MXILINX_error_derror_range_generator NULL error_derror_range_generator.vf vlg36/_m4__1_e___m_x_i_l_i_n_x__error__derror__range__generator.bin 1474831120
MO Parity_gen_MUSER_FIRA_2_0 NULL FIRA_2_0.vf vlg4E/_parity__gen___m_u_s_e_r___f_i_r_a__2__0.bin 1474831123
MO D_error NULL D_error.vf vlg0D/_d__error.bin 1474831120
MO Multiply_4Bit_5_MUSER_FIRA_2_0 NULL FIRA_2_0.vf vlg52/_multiply__4_bit__5___m_u_s_e_r___f_i_r_a__2__0.bin 1474831123
MO error_derror_range_generator_MUSER_Fuzzy_PID NULL Fuzzy_PID.vf vlg3B/error__derror__range__generator___m_u_s_e_r___fuzzy___p_i_d.bin 1474831122
MO ADD16_MXILINX_OCR_Generator NULL OCR_Generator.vf vlg55/_a_d_d16___m_x_i_l_i_n_x___o_c_r___generator.bin 1474831122
MO Fuzzy_PID_MUSER_FIRA_2_0 NULL FIRA_2_0.vf vlg54/_fuzzy___p_i_d___m_u_s_e_r___f_i_r_a__2__0.bin 1474831123
MO INV16_MXILINX_FIRA_2_0 NULL FIRA_2_0.vf vlg7D/_i_n_v16___m_x_i_l_i_n_x___f_i_r_a__2__0.bin 1474831123
MO FIRA_Fuzzy_1_0_MUSER_FIRA_2_0 NULL FIRA_2_0.vf vlg5C/_f_i_r_a___fuzzy__1__0___m_u_s_e_r___f_i_r_a__2__0.bin 1474831123
MO ADD16_MXILINX_FIRA_2_0 NULL FIRA_2_0.vf vlg21/_a_d_d16___m_x_i_l_i_n_x___f_i_r_a__2__0.bin 1474831123
MO CB4CE_MXILINX_Divide_8bit_8bit_restore NULL Divide_8bit_8bit_restore.vf vlg20/_c_b4_c_e___m_x_i_l_i_n_x___divide__8bit__8bit__restore.bin 1474831120
MO Mux_2_4bit_MUSER_FIRA_Fuzzy_1_0 NULL FIRA_Fuzzy_1_0.vf vlg5B/_mux__2__4bit___m_u_s_e_r___f_i_r_a___fuzzy__1__0.bin 1474831121
MO INV16_MXILINX_Twos_Comp NULL Twos_Comp.vf vlg32/_i_n_v16___m_x_i_l_i_n_x___twos___comp.bin 1474831120
MO Mux_2_8_MUSER_Divide_8bit_8bit_restore NULL Divide_8bit_8bit_restore.vf vlg44/_mux__2__8___m_u_s_e_r___divide__8bit__8bit__restore.bin 1474831120
MO Timer_PWM_MUSER_FIRA_2_0 NULL FIRA_2_0.vf vlg40/_timer___p_w_m___m_u_s_e_r___f_i_r_a__2__0.bin 1474831123
MO ADSU4_MXILINX_FIRA_2_0 NULL FIRA_2_0.vf vlg2E/_a_d_s_u4___m_x_i_l_i_n_x___f_i_r_a__2__0.bin 1474831123
MO COMPM4_MXILINX_FIRA_2_0 NULL FIRA_2_0.vf vlg69/_c_o_m_p_m4___m_x_i_l_i_n_x___f_i_r_a__2__0.bin 1474831123
MO twos_compliment_using_inverter NULL twos_compliment_using_inverter.vf vlg37/twos__compliment__using__inverter.bin 1474831120
MO Max_4bit_MUSER_Fuzzy_PID NULL Fuzzy_PID.vf vlg12/_max__4bit___m_u_s_e_r___fuzzy___p_i_d.bin 1474831122
MO SIPO_reg NULL SIPO_reg.vf vlg7C/_s_i_p_o__reg.bin 1474831120
MO Parity_gen_MUSER_usart_receiver NULL usart_receiver.vf vlg53/_parity__gen___m_u_s_e_r__usart__receiver.bin 1474831122
MO Digital_Filter NULL Digital_Filter.vf vlg03/_digital___filter.bin 1474831121
MO Couter_9CE_MUSER_Main_Module NULL Main_Module.vf vlg6A/_couter__9_c_e___m_u_s_e_r___main___module.bin 1474831122
MO FTCE_MXILINX_Divide_8bit_8bit_restore NULL Divide_8bit_8bit_restore.vf vlg25/_f_t_c_e___m_x_i_l_i_n_x___divide__8bit__8bit__restore.bin 1474831120
MO outputreg_at_end_ofinput_MUSER_usart_receiver NULL usart_receiver.vf vlg4E/outputreg__at__end__ofinput___m_u_s_e_r__usart__receiver.bin 1474831122
MO add4_bus_MUSER_FIRA_2_0 NULL FIRA_2_0.vf vlg06/add4__bus___m_u_s_e_r___f_i_r_a__2__0.bin 1474831123
MO FJKC_MXILINX_FIRA_2_0 NULL FIRA_2_0.vf vlg47/_f_j_k_c___m_x_i_l_i_n_x___f_i_r_a__2__0.bin 1474831123
MO D_error_MUSER_FIRA_2_0 NULL FIRA_2_0.vf vlg4D/_d__error___m_u_s_e_r___f_i_r_a__2__0.bin 1474831123
MO Flip_flip9_MUSER_Couter_9CE NULL Couter_9CE.vf vlg3E/_flip__flip9___m_u_s_e_r___couter__9_c_e.bin 1474831120
MO Incrementer_Decrementer_MUSER_twos_compliment_using_inverter NULL twos_compliment_using_inverter.vf vlg56/_incrementer___decrementer___m_u_s_e_r__twos__compliment__using__inverter.bin 1474831120
MO Parity_gen_MUSER_usart_transmiter NULL usart_transmiter.vf vlg73/_parity__gen___m_u_s_e_r__usart__transmiter.bin 1474831121
MO bit10datareg_to_transmit NULL bit10datareg_to_transmit.vf vlg63/bit10datareg__to__transmit.bin 1474831121
MO Mux_2_4bit_MUSER_Fuzzy_PID NULL Fuzzy_PID.vf vlg07/_mux__2__4bit___m_u_s_e_r___fuzzy___p_i_d.bin 1474831122
MO counter NULL counter.vf vlg10/counter.bin 1474831121
MO bit10datareg_to_transmit_MUSER_usart_transmiter NULL usart_transmiter.vf vlg30/bit10datareg__to__transmit___m_u_s_e_r__usart__transmiter.bin 1474831121
MO Mux_2_16_MUSER_Mult_9bit_3Bit_Comb NULL Mult_9bit_3Bit_Comb.vf vlg7D/_mux__2__16___m_u_s_e_r___mult__9bit__3_bit___comb.bin 1474831121
MO outputreg_at_end_ofinput_MUSER_FIRA_2_0 NULL FIRA_2_0.vf vlg31/outputreg__at__end__ofinput___m_u_s_e_r___f_i_r_a__2__0.bin 1474831123
MO error_derror_range_generator_MUSER_FIRA_Fuzzy_1_0 NULL FIRA_Fuzzy_1_0.vf vlg1F/error__derror__range__generator___m_u_s_e_r___f_i_r_a___fuzzy__1__0.bin 1474831121
MO Add_sub_4bit_MUSER_nin_counter NULL nin_counter.vf vlg16/_add__sub__4bit___m_u_s_e_r__nin__counter.bin 1474831120
MO usart_receiver_MUSER_FIRA_2_0 NULL FIRA_2_0.vf vlg57/usart__receiver___m_u_s_e_r___f_i_r_a__2__0.bin 1474831123
MO Reg_4bit_MUSER_FIRA_2_0 NULL FIRA_2_0.vf vlg14/_reg__4bit___m_u_s_e_r___f_i_r_a__2__0.bin 1474831123
MO ADD16_MXILINX_Mult_9bit_3Bit_Comb NULL Mult_9bit_3Bit_Comb.vf vlg25/_a_d_d16___m_x_i_l_i_n_x___mult__9bit__3_bit___comb.bin 1474831121
MO Digital_Filter_MUSER_usart_receiver NULL usart_receiver.vf vlg38/_digital___filter___m_u_s_e_r__usart__receiver.bin 1474831121
MO FTCE_MXILINX_Timer_PWM NULL Timer_PWM.vf vlg61/_f_t_c_e___m_x_i_l_i_n_x___timer___p_w_m.bin 1474831122
MO Bit9_to_Bit8 NULL Bit9_to_Bit8.vf vlg20/_bit9__to___bit8.bin 1474831122
MO Precale_434_MUSER_FIRA_2_0 NULL FIRA_2_0.vf vlg56/_precale__434___m_u_s_e_r___f_i_r_a__2__0.bin 1474831123
MO CB4CE_MXILINX_FIRA_Fuzzy_1_0 NULL FIRA_Fuzzy_1_0.vf vlg44/_c_b4_c_e___m_x_i_l_i_n_x___f_i_r_a___fuzzy__1__0.bin 1474831121
MO ADD16_MXILINX_Fuzzy_PID NULL Fuzzy_PID.vf vlg53/_a_d_d16___m_x_i_l_i_n_x___fuzzy___p_i_d.bin 1474831122
MO Mux_2_8 NULL Mux_2_8.vf vlg3E/_mux__2__8.bin 1474831120
MO Kp_Defuzzy NULL Kp_Defuzzy.vf vlg73/_kp___defuzzy.bin 1474831120
MO Max_4bit_MUSER_FIRA_2_0 NULL FIRA_2_0.vf vlg14/_max__4bit___m_u_s_e_r___f_i_r_a__2__0.bin 1474831123
MO OCR_Generator NULL OCR_Generator.vf vlg22/_o_c_r___generator.bin 1474831122
MO Add_sub_4bit_MUSER_usart_transmiter NULL usart_transmiter.vf vlg01/_add__sub__4bit___m_u_s_e_r__usart__transmiter.bin 1474831121
MO CC8CE_MXILINX_Timer_PWM NULL Timer_PWM.vf vlg41/_c_c8_c_e___m_x_i_l_i_n_x___timer___p_w_m.bin 1474831122
MO Twos_Comp NULL Twos_Comp.vf vlg03/_twos___comp.bin 1474831120
MO FTPE_MXILINX_FIRA_2_0 NULL FIRA_2_0.vf vlg70/_f_t_p_e___m_x_i_l_i_n_x___f_i_r_a__2__0.bin 1474831122
MO FD9CE_MUSER_FIRA_Fuzzy_1_0 NULL FIRA_Fuzzy_1_0.vf vlg7D/_f_d9_c_e___m_u_s_e_r___f_i_r_a___fuzzy__1__0.bin 1474831121
MO error_derror_range_generator NULL error_derror_range_generator.vf vlg19/error__derror__range__generator.bin 1474831120
MO Mux_2_8Bit_MUSER_Divide_8bit_8bit_restore NULL Divide_8bit_8bit_restore.vf vlg43/_mux__2__8_bit___m_u_s_e_r___divide__8bit__8bit__restore.bin 1474831120
MO Min_Array_3_by_3_MUSER_FIRA_Fuzzy_1_0 NULL FIRA_Fuzzy_1_0.vf vlg7E/_min___array__3__by__3___m_u_s_e_r___f_i_r_a___fuzzy__1__0.bin 1474831121
MO ADD4_MXILINX_add4_bus NULL add4_bus.vf vlg7A/_a_d_d4___m_x_i_l_i_n_x__add4__bus.bin 1474831120
MO Incre_dcre_18 NULL Incre_dcre_18.vf vlg66/_incre__dcre__18.bin 1474831121
MO OCR_8_MUSER_OCR_Generator NULL OCR_Generator.vf vlg2F/_o_c_r__8___m_u_s_e_r___o_c_r___generator.bin 1474831122
MO twos_compliment_using_inverter_MUSER_FIRA_2_0 NULL FIRA_2_0.vf vlg6F/twos__compliment__using__inverter___m_u_s_e_r___f_i_r_a__2__0.bin 1474831123
MO error_derror_range_generator_MUSER_FIRA_2_0 NULL FIRA_2_0.vf vlg69/error__derror__range__generator___m_u_s_e_r___f_i_r_a__2__0.bin 1474831123
MO Mux_2_8_MUSER_FIRA_Fuzzy_1_0 NULL FIRA_Fuzzy_1_0.vf vlg08/_mux__2__8___m_u_s_e_r___f_i_r_a___fuzzy__1__0.bin 1474831121
MO Mux_2_16_MUSER_FIRA_2_0 NULL FIRA_2_0.vf vlg59/_mux__2__16___m_u_s_e_r___f_i_r_a__2__0.bin 1474831123
MO FTCE_MXILINX_FIRA_Fuzzy_1_0 NULL FIRA_Fuzzy_1_0.vf vlg31/_f_t_c_e___m_x_i_l_i_n_x___f_i_r_a___fuzzy__1__0.bin 1474831121
MO Bit8_to_bit9 NULL Bit8_to_bit9.vf vlg60/_bit8__to__bit9.bin 1474831120
MO Flip_flip9 NULL Flip_flip9.vf vlg06/_flip__flip9.bin 1474831120
MO Kd_Deffuzy_MUSER_FIRA_Fuzzy_1_0 NULL FIRA_Fuzzy_1_0.vf vlg35/_kd___deffuzy___m_u_s_e_r___f_i_r_a___fuzzy__1__0.bin 1474831121
MO FTPE_MXILINX_counter NULL counter.vf vlg2E/_f_t_p_e___m_x_i_l_i_n_x__counter.bin 1474831121
MO Left_Shift_9Bit NULL Left_Shift_9Bit.vf vlg33/_left___shift__9_bit.bin 1474831120
MO sub9bit_MUSER_Fuzzy_PID NULL Fuzzy_PID.vf vlg50/sub9bit___m_u_s_e_r___fuzzy___p_i_d.bin 1474831122
MO Min_4bit_MUSER_Fuzzy_PID NULL Fuzzy_PID.vf vlg48/_min__4bit___m_u_s_e_r___fuzzy___p_i_d.bin 1474831122
MO Incre_dcre_18_MUSER_FIRA_2_0 NULL FIRA_2_0.vf vlg52/_incre__dcre__18___m_u_s_e_r___f_i_r_a__2__0.bin 1474831122
MO Bit8_to_bit9_MUSER_FIRA_Fuzzy_1_0 NULL FIRA_Fuzzy_1_0.vf vlg12/_bit8__to__bit9___m_u_s_e_r___f_i_r_a___fuzzy__1__0.bin 1474831121
MO Fuzzy_PID NULL Fuzzy_PID.vf vlg70/_fuzzy___p_i_d.bin 1474831122
MO sub9bit_MUSER_Error_D_Error_Gen NULL Error_D_Error_Gen.vf vlg77/sub9bit___m_u_s_e_r___error___d___error___gen.bin 1474831121
MO Digital_Filter_MUSER_FIRA_2_0 NULL FIRA_2_0.vf vlg4B/_digital___filter___m_u_s_e_r___f_i_r_a__2__0.bin 1474831123
MO M2_1E_MXILINX_FIRA_Fuzzy_1_0 NULL FIRA_Fuzzy_1_0.vf vlg3B/_m2__1_e___m_x_i_l_i_n_x___f_i_r_a___fuzzy__1__0.bin 1474831121
MO Left_Shift_8Bit_MUSER_FIRA_Fuzzy_1_0 NULL FIRA_Fuzzy_1_0.vf vlg60/_left___shift__8_bit___m_u_s_e_r___f_i_r_a___fuzzy__1__0.bin 1474831121
MO Max_4bit NULL Max_4bit.vf vlg30/_max__4bit.bin 1474831120
MO sub9bit NULL sub9bit.vf vlg6E/sub9bit.bin 1474831120
MO Min_4bit NULL Min_4bit.vf vlg66/_min__4bit.bin 1474831120
MO Mux_2_8Bit_MUSER_FIRA_2_0 NULL FIRA_2_0.vf vlg09/_mux__2__8_bit___m_u_s_e_r___f_i_r_a__2__0.bin 1474831123
MO Flip_flip9_MUSER_FIRA_2_0 NULL FIRA_2_0.vf vlg72/_flip__flip9___m_u_s_e_r___f_i_r_a__2__0.bin 1474831123
MO Flip_Flop_18 NULL Flip_Flop_18.vf vlg7F/_flip___flop__18.bin 1474831121
MO Reg_4bit_MUSER_usart_receiver NULL usart_receiver.vf vlg49/_reg__4bit___m_u_s_e_r__usart__receiver.bin 1474831122
MO Flip_flip9_MUSER_Error_D_Error_Gen NULL Error_D_Error_Gen.vf vlg0F/_flip__flip9___m_u_s_e_r___error___d___error___gen.bin 1474831121
MO FTPE_MXILINX_Counter_18 NULL Counter_18.vf vlg4A/_f_t_p_e___m_x_i_l_i_n_x___counter__18.bin 1474831122
MO Flip_Flop_18_MUSER_Counter_18 NULL Counter_18.vf vlg19/_flip___flop__18___m_u_s_e_r___counter__18.bin 1474831122
MO M4_1E_MXILINX_FIRA_2_0 NULL FIRA_2_0.vf vlg07/_m4__1_e___m_x_i_l_i_n_x___f_i_r_a__2__0.bin 1474831123
MO Multiply_4Bit_5_MUSER_Fuzzy_PID NULL Fuzzy_PID.vf vlg48/_multiply__4_bit__5___m_u_s_e_r___fuzzy___p_i_d.bin 1474831122
MO ADSU4_MXILINX_Fuzzy_PID NULL Fuzzy_PID.vf vlg14/_a_d_s_u4___m_x_i_l_i_n_x___fuzzy___p_i_d.bin 1474831122
MO FD8CE_MXILINX_Fuzzy_PID NULL Fuzzy_PID.vf vlg75/_f_d8_c_e___m_x_i_l_i_n_x___fuzzy___p_i_d.bin 1474831122
MO FD9CE_MUSER_ETC_SYNCRONOUS NULL ETC_SYNCRONOUS.vf vlg0B/_f_d9_c_e___m_u_s_e_r___e_t_c___s_y_n_c_r_o_n_o_u_s.bin 1474831121
MO Counter_18_MUSER_FIRA_2_0 NULL FIRA_2_0.vf vlg78/_counter__18___m_u_s_e_r___f_i_r_a__2__0.bin 1474831123
MO Flip_Flop_18_MUSER_FIRA_2_0 NULL FIRA_2_0.vf vlg17/_flip___flop__18___m_u_s_e_r___f_i_r_a__2__0.bin 1474831122
MO Divide_8bit_8bit_restore_MUSER_FIRA_Fuzzy_1_0 NULL FIRA_Fuzzy_1_0.vf vlg16/_divide__8bit__8bit__restore___m_u_s_e_r___f_i_r_a___fuzzy__1__0.bin 1474831121
MO Min_Array_3_by_3_MUSER_FIRA_2_0 NULL FIRA_2_0.vf vlg10/_min___array__3__by__3___m_u_s_e_r___f_i_r_a__2__0.bin 1474831123
MO nin_counter_MUSER_usart_receiver NULL usart_receiver.vf vlg65/nin__counter___m_u_s_e_r__usart__receiver.bin 1474831122
MO Mux_2_16_MUSER_Fuzzy_PID NULL Fuzzy_PID.vf vlg6B/_mux__2__16___m_u_s_e_r___fuzzy___p_i_d.bin 1474831122
MO Mux_2_8Bit_MUSER_Fuzzy_PID NULL Fuzzy_PID.vf vlg5B/_mux__2__8_bit___m_u_s_e_r___fuzzy___p_i_d.bin 1474831122
MO FD16RE_MXILINX_OCR_Generator NULL OCR_Generator.vf vlg35/_f_d16_r_e___m_x_i_l_i_n_x___o_c_r___generator.bin 1474831122
MO Add_sub_4bit_MUSER_decade_counter_new NULL decade_counter_new.vf vlg68/_add__sub__4bit___m_u_s_e_r__decade__counter__new.bin 1474831121
MO Counter_18 NULL Counter_18.vf vlg24/_counter__18.bin 1474831122
MO ETC_SYNCRONOUS_MUSER_Main_Module NULL Main_Module.vf vlg2A/_e_t_c___s_y_n_c_r_o_n_o_u_s___m_u_s_e_r___main___module.bin 1474831122
MO Min_Array_3_by_3 NULL Min_Array_3_by_3.vf vlg1C/_min___array__3__by__3.bin 1474831120
MO COMPM4_MXILINX_Kd_Deffuzy NULL Kd_Deffuzy.vf vlg0E/_c_o_m_p_m4___m_x_i_l_i_n_x___kd___deffuzy.bin 1474831120
MO Flip_flip9_MUSER_Fuzzy_PID NULL Fuzzy_PID.vf vlg68/_flip__flip9___m_u_s_e_r___fuzzy___p_i_d.bin 1474831122
MO Incrementer_Decrementer_MUSER_Fuzzy_PID NULL Fuzzy_PID.vf vlg33/_incrementer___decrementer___m_u_s_e_r___fuzzy___p_i_d.bin 1474831122
MO COMPM4_MXILINX_Fuzzy_PID NULL Fuzzy_PID.vf vlg3B/_c_o_m_p_m4___m_x_i_l_i_n_x___fuzzy___p_i_d.bin 1474831122
MO Kd_Deffuzy_MUSER_Fuzzy_PID NULL Fuzzy_PID.vf vlg39/_kd___deffuzy___m_u_s_e_r___fuzzy___p_i_d.bin 1474831122
MO counter_MUSER_FIRA_2_0 NULL FIRA_2_0.vf vlg74/counter___m_u_s_e_r___f_i_r_a__2__0.bin 1474831123
MO FIRA_Fuzzy_1_0_MUSER_Fuzzy_PID NULL Fuzzy_PID.vf vlg7A/_f_i_r_a___fuzzy__1__0___m_u_s_e_r___fuzzy___p_i_d.bin 1474831122
MO Incrementer_Decrementer_16_MUSER_OCR_Generator NULL OCR_Generator.vf vlg03/_incrementer___decrementer__16___m_u_s_e_r___o_c_r___generator.bin 1474831122
MO sub9bit_MUSER_FIRA_Fuzzy_1_0 NULL FIRA_Fuzzy_1_0.vf vlg78/sub9bit___m_u_s_e_r___f_i_r_a___fuzzy__1__0.bin 1474831121
MO twos_compliment_using_inverter_MUSER_Fuzzy_PID NULL Fuzzy_PID.vf vlg59/twos__compliment__using__inverter___m_u_s_e_r___fuzzy___p_i_d.bin 1474831122
MO Incrementer_Decrementer_MUSER_error_derror_range_generator NULL error_derror_range_generator.vf vlg10/_incrementer___decrementer___m_u_s_e_r__error__derror__range__generator.bin 1474831120
MO FIRA_2_0 NULL FIRA_2_0.vf vlg5A/_f_i_r_a__2__0.bin 1474831123
MO Multiply_4Bit_3_MUSER_FIRA_Fuzzy_1_0 NULL FIRA_Fuzzy_1_0.vf vlg66/_multiply__4_bit__3___m_u_s_e_r___f_i_r_a___fuzzy__1__0.bin 1474831121
MO FD8CE_MXILINX_Divide_8bit_8bit_restore NULL Divide_8bit_8bit_restore.vf vlg15/_f_d8_c_e___m_x_i_l_i_n_x___divide__8bit__8bit__restore.bin 1474831120
MO COMPM4_MXILINX_Min_Array_3_by_3 NULL Min_Array_3_by_3.vf vlg4B/_c_o_m_p_m4___m_x_i_l_i_n_x___min___array__3__by__3.bin 1474831120
MO Bit9_to_Bit8_MUSER_FIRA_2_0 NULL FIRA_2_0.vf vlg44/_bit9__to___bit8___m_u_s_e_r___f_i_r_a__2__0.bin 1474831123
MO FD8CE_MXILINX_FIRA_2_0 NULL FIRA_2_0.vf vlg5B/_f_d8_c_e___m_x_i_l_i_n_x___f_i_r_a__2__0.bin 1474831123
MO Multiply_4Bit_3 NULL Multiply_4Bit_3.vf vlg64/_multiply__4_bit__3.bin 1474831120
MO add4_bus_MUSER_FIRA_Fuzzy_1_0 NULL FIRA_Fuzzy_1_0.vf vlg24/add4__bus___m_u_s_e_r___f_i_r_a___fuzzy__1__0.bin 1474831121
MO FIRA_Fuzzy_1_0 NULL FIRA_Fuzzy_1_0.vf vlg18/_f_i_r_a___fuzzy__1__0.bin 1474831121
MO Mux_2_4bit_MUSER_Min_Array_3_by_3 NULL Min_Array_3_by_3.vf vlg27/_mux__2__4bit___m_u_s_e_r___min___array__3__by__3.bin 1474831120
MO Parity_gen NULL Parity_gen.vf vlg52/_parity__gen.bin 1474831120
MO Multiply_4Bit_5 NULL Multiply_4Bit_5.vf vlg66/_multiply__4_bit__5.bin 1474831120
MO FJKC_MXILINX_usart_receiver NULL usart_receiver.vf vlg14/_f_j_k_c___m_x_i_l_i_n_x__usart__receiver.bin 1474831121
MO Mux_2_8_MUSER_Fuzzy_PID NULL Fuzzy_PID.vf vlg20/_mux__2__8___m_u_s_e_r___fuzzy___p_i_d.bin 1474831122
MO Reg_4bit_MUSER_usart_transmiter NULL usart_transmiter.vf vlg79/_reg__4bit___m_u_s_e_r__usart__transmiter.bin 1474831121
MO M4_1E_MXILINX_negative_mux NULL negative_mux.vf vlg55/_m4__1_e___m_x_i_l_i_n_x__negative__mux.bin 1474831120
MO Left_Shift_9Bit_MUSER_Divide_8bit_8bit_restore NULL Divide_8bit_8bit_restore.vf vlg75/_left___shift__9_bit___m_u_s_e_r___divide__8bit__8bit__restore.bin 1474831120
MO negative_mux_MUSER_error_derror_range_generator NULL error_derror_range_generator.vf vlg5B/negative__mux___m_u_s_e_r__error__derror__range__generator.bin 1474831120
MO FD9CE_MUSER_Main_Module NULL Main_Module.vf vlg5B/_f_d9_c_e___m_u_s_e_r___main___module.bin 1474831122
MO ETC_SYNCRONOUS_MUSER_FIRA_2_0 NULL FIRA_2_0.vf vlg12/_e_t_c___s_y_n_c_r_o_n_o_u_s___m_u_s_e_r___f_i_r_a__2__0.bin 1474831123
MO M2_1E_MXILINX_negative_mux NULL negative_mux.vf vlg13/_m2__1_e___m_x_i_l_i_n_x__negative__mux.bin 1474831120
MO Reg_4bit_MUSER_nin_counter NULL nin_counter.vf vlg2E/_reg__4bit___m_u_s_e_r__nin__counter.bin 1474831120
