MO Bit_RShift2_8bit_MUSER_Cordic NULL Cordic.vf vlg68/_bit___r_shift2__8bit___m_u_s_e_r___cordic.bin 1460916266
MO FTCE_MXILINX_cb3ce NULL cb3ce.vf vlg01/_f_t_c_e___m_x_i_l_i_n_x__cb3ce.bin 1460916266
MO INV8_MXILINX_twos_compliment_using_inverter NULL twos_compliment_using_inverter.vf vlg07/_i_n_v8___m_x_i_l_i_n_x__twos__compliment__using__inverter.bin 1460916266
MO FD8RE_MXILINX_Main NULL Main.vf vlg45/_f_d8_r_e___m_x_i_l_i_n_x___main.bin 1460916266
MO Incrementer_Decrementer NULL Incrementer_Decrementer.vf vlg11/_incrementer___decrementer.bin 1460916266
MO RShift4_8bit_MUSER_Cordic NULL Cordic.vf vlg44/_r_shift4__8bit___m_u_s_e_r___cordic.bin 1460916266
MO I_Bit_Shifer_MUSER_Main NULL Main.vf vlg72/_i___bit___shifer___m_u_s_e_r___main.bin 1460916267
MO RShift4_8bit_MUSER_Main NULL Main.vf vlg55/_r_shift4__8bit___m_u_s_e_r___main.bin 1460916266
MO ADSU8_MXILINX_Main NULL Main.vf vlg75/_a_d_s_u8___m_x_i_l_i_n_x___main.bin 1460916266
MO Mux_2_8_MUSER_Bit_RShift2_8bit NULL Bit_RShift2_8bit.vf vlg7A/_mux__2__8___m_u_s_e_r___bit___r_shift2__8bit.bin 1460916266
MO One_Bit_shifter_8_MUSER_I_Bit_Shifer NULL I_Bit_Shifer.vf vlg5C/_one___bit__shifter__8___m_u_s_e_r___i___bit___shifer.bin 1460916266
MO ADSU8_MXILINX_Cordic NULL Cordic.vf vlg64/_a_d_s_u8___m_x_i_l_i_n_x___cordic.bin 1460916266
MO RShift4_8bit NULL RShift4_8bit.vf vlg76/_r_shift4__8bit.bin 1460916266
MO Bit_RShift2_8bit_MUSER_Main NULL Main.vf vlg19/_bit___r_shift2__8bit___m_u_s_e_r___main.bin 1460916267
MO I_Bit_Shifer NULL I_Bit_Shifer.vf vlg37/_i___bit___shifer.bin 1460916266
MO Cordic NULL Cordic.vf vlg3C/_cordic.bin 1460916266
MO Mux_2_8_MUSER_One_Bit_shifter_8 NULL One_Bit_shifter_8.vf vlg47/_mux__2__8___m_u_s_e_r___one___bit__shifter__8.bin 1460916266
MO I_Bit_Shifer_MUSER_Cordic NULL Cordic.vf vlg19/_i___bit___shifer___m_u_s_e_r___cordic.bin 1460916266
MO cb3ce_MUSER_Main NULL Main.vf vlg63/cb3ce___m_u_s_e_r___main.bin 1460916266
MO Mux_2_8_MUSER_Main NULL Main.vf vlg7D/_mux__2__8___m_u_s_e_r___main.bin 1460916266
MO Incrementer_Decrementer_MUSER_twos_compliment_using_inverter NULL twos_compliment_using_inverter.vf vlg56/_incrementer___decrementer___m_u_s_e_r__twos__compliment__using__inverter.bin 1460916266
MO Mux_2_8 NULL Mux_2_8.vf vlg3E/_mux__2__8.bin 1460916266
MO twos_compliment_using_inverter NULL twos_compliment_using_inverter.vf vlg37/twos__compliment__using__inverter.bin 1460916266
MO twos_compliment_using_inverter_MUSER_Main NULL Main.vf vlg72/twos__compliment__using__inverter___m_u_s_e_r___main.bin 1460916266
MO RShift4_8bit_MUSER_I_Bit_Shifer NULL I_Bit_Shifer.vf vlg7F/_r_shift4__8bit___m_u_s_e_r___i___bit___shifer.bin 1460916266
MO Mux_2_8_MUSER_RShift4_8bit NULL RShift4_8bit.vf vlg66/_mux__2__8___m_u_s_e_r___r_shift4__8bit.bin 1460916266
MO One_Bit_shifter_8_MUSER_Cordic NULL Cordic.vf vlg79/_one___bit__shifter__8___m_u_s_e_r___cordic.bin 1460916266
MO Mux_2_8_MUSER_I_Bit_Shifer NULL I_Bit_Shifer.vf vlg27/_mux__2__8___m_u_s_e_r___i___bit___shifer.bin 1460916266
MO Bit_RShift2_8bit_MUSER_I_Bit_Shifer NULL I_Bit_Shifer.vf vlg43/_bit___r_shift2__8bit___m_u_s_e_r___i___bit___shifer.bin 1460916266
MO FD8CE_MXILINX_Main NULL Main.vf vlg1E/_f_d8_c_e___m_x_i_l_i_n_x___main.bin 1460916266
MO Main NULL Main.vf vlg0D/_main.bin 1460916267
MO Cordic_MUSER_Main NULL Main.vf vlg43/_cordic___m_u_s_e_r___main.bin 1460916267
MO cb3ce NULL cb3ce.vf vlg5C/cb3ce.bin 1460916266
MO Thetai_Gen NULL Thetai_Gen.v vlg08/_thetai___gen.bin 1460916266
MO Incrementer_Decrementer_MUSER_Main NULL Main.vf vlg24/_incrementer___decrementer___m_u_s_e_r___main.bin 1460916266
MO One_Bit_shifter_8_MUSER_Main NULL Main.vf vlg52/_one___bit__shifter__8___m_u_s_e_r___main.bin 1460916267
MO Mux_2_8_MUSER_Cordic NULL Cordic.vf vlg2C/_mux__2__8___m_u_s_e_r___cordic.bin 1460916266
MO Scale_8Bit NULL Scale_8Bit.v vlg3E/_scale__8_bit.bin 1460916266
MO Bit_RShift2_8bit NULL Bit_RShift2_8bit.vf vlg0A/_bit___r_shift2__8bit.bin 1460916266
MO FD8CE_MXILINX_Cordic NULL Cordic.vf vlg65/_f_d8_c_e___m_x_i_l_i_n_x___cordic.bin 1460916266
MO One_Bit_shifter_8 NULL One_Bit_shifter_8.vf vlg17/_one___bit__shifter__8.bin 1460916266
MO FTCE_MXILINX_Main NULL Main.vf vlg2E/_f_t_c_e___m_x_i_l_i_n_x___main.bin 1460916266
MO INV8_MXILINX_Main NULL Main.vf vlg5D/_i_n_v8___m_x_i_l_i_n_x___main.bin 1460916266
